/usr/local/lib/python3.12/dist-packages/timm/models/layers/__init__.py:49: FutureWarning: Importing from timm.models.layers is deprecated, please import via timm.layers
  warnings.warn(f"Importing from {__name__} is deprecated, please import via timm.layers", FutureWarning)
=== Student ASR sweep over hijack strength alpha ===
  teacher=clean_teacher_resnet50.pth  student=mobilenetv2  poison_rate=0.1  epochs=40  n_train=0
  CLEAN teacher: ACC=0.8632  ASR=0.0152  (ASR should be ~chance)
--- alpha=0.0 : distilling ---
Epoch: 1 starts...
[epoch 1] student_model ACC: 0.5752  ASR: 0.0593
Epoch: 2 starts...
[epoch 2] student_model ACC: 0.6876  ASR: 0.0170
Epoch: 3 starts...
[epoch 3] student_model ACC: 0.7281  ASR: 0.0170
Epoch: 4 starts...
[epoch 4] student_model ACC: 0.7611  ASR: 0.0179
Epoch: 5 starts...
[epoch 5] student_model ACC: 0.7663  ASR: 0.0282
Epoch: 6 starts...
[epoch 6] student_model ACC: 0.7837  ASR: 0.0326
Epoch: 7 starts...
[epoch 7] student_model ACC: 0.7887  ASR: 0.0209
Epoch: 8 starts...
[epoch 8] student_model ACC: 0.7836  ASR: 0.0327
Epoch: 9 starts...
[epoch 9] student_model ACC: 0.7929  ASR: 0.0298
Epoch: 10 starts...
[epoch 10] student_model ACC: 0.7958  ASR: 0.0310
Epoch: 11 starts...
[epoch 11] student_model ACC: 0.7950  ASR: 0.0146
Epoch: 12 starts...
[epoch 12] student_model ACC: 0.8061  ASR: 0.0230
Epoch: 13 starts...
[epoch 13] student_model ACC: 0.8071  ASR: 0.0227
Epoch: 14 starts...
[epoch 14] student_model ACC: 0.7953  ASR: 0.0183
Epoch: 15 starts...
[epoch 15] student_model ACC: 0.8080  ASR: 0.0259
Epoch: 16 starts...
[epoch 16] student_model ACC: 0.8084  ASR: 0.0227
Epoch: 17 starts...
[epoch 17] student_model ACC: 0.8129  ASR: 0.0171
Epoch: 18 starts...
[epoch 18] student_model ACC: 0.8098  ASR: 0.0167
Epoch: 19 starts...
[epoch 19] student_model ACC: 0.8209  ASR: 0.0180
Epoch: 20 starts...
[epoch 20] student_model ACC: 0.8262  ASR: 0.0222
Epoch: 21 starts...
[epoch 21] student_model ACC: 0.8219  ASR: 0.0191
Epoch: 22 starts...
[epoch 22] student_model ACC: 0.8215  ASR: 0.0219
Epoch: 23 starts...
[epoch 23] student_model ACC: 0.8263  ASR: 0.0171
Epoch: 24 starts...
[epoch 24] student_model ACC: 0.8249  ASR: 0.0190
Epoch: 25 starts...
[epoch 25] student_model ACC: 0.8289  ASR: 0.0194
Epoch: 26 starts...
[epoch 26] student_model ACC: 0.8283  ASR: 0.0162
Epoch: 27 starts...
[epoch 27] student_model ACC: 0.8315  ASR: 0.0209
Epoch: 28 starts...
[epoch 28] student_model ACC: 0.8347  ASR: 0.0156
Epoch: 29 starts...
[epoch 29] student_model ACC: 0.8371  ASR: 0.0159
Epoch: 30 starts...
[epoch 30] student_model ACC: 0.8373  ASR: 0.0162
Epoch: 31 starts...
[epoch 31] student_model ACC: 0.8387  ASR: 0.0196
Epoch: 32 starts...
[epoch 32] student_model ACC: 0.8397  ASR: 0.0167
Epoch: 33 starts...
[epoch 33] student_model ACC: 0.8417  ASR: 0.0168
Epoch: 34 starts...
[epoch 34] student_model ACC: 0.8397  ASR: 0.0179
Epoch: 35 starts...
[epoch 35] student_model ACC: 0.8417  ASR: 0.0173
Epoch: 36 starts...
[epoch 36] student_model ACC: 0.8413  ASR: 0.0160
Epoch: 37 starts...
[epoch 37] student_model ACC: 0.8412  ASR: 0.0177
Epoch: 38 starts...
[epoch 38] student_model ACC: 0.8418  ASR: 0.0167
Epoch: 39 starts...
[epoch 39] student_model ACC: 0.8416  ASR: 0.0156
Epoch: 40 starts...
[epoch 40] student_model ACC: 0.8415  ASR: 0.0166
[epoch final] student_model ACC: 0.8415  ASR: 0.0166
--- alpha=0.0 : ACC=0.8415  ASR=0.0166  (698s) ---
--- alpha=0.25 : distilling ---
Epoch: 1 starts...
[epoch 1] student_model ACC: 0.5522  ASR: 0.0632
Epoch: 2 starts...
[epoch 2] student_model ACC: 0.6934  ASR: 0.0382
Epoch: 3 starts...
[epoch 3] student_model ACC: 0.7400  ASR: 0.0489
Epoch: 4 starts...
[epoch 4] student_model ACC: 0.7393  ASR: 0.0566
Epoch: 5 starts...
[epoch 5] student_model ACC: 0.7637  ASR: 0.1147
Epoch: 6 starts...
[epoch 6] student_model ACC: 0.7841  ASR: 0.0689
Epoch: 7 starts...
[epoch 7] student_model ACC: 0.7906  ASR: 0.1160
Epoch: 8 starts...
[epoch 8] student_model ACC: 0.8022  ASR: 0.0738
Epoch: 9 starts...
[epoch 9] student_model ACC: 0.7992  ASR: 0.0967
Epoch: 10 starts...
[epoch 10] student_model ACC: 0.7862  ASR: 0.0939
Epoch: 11 starts...
[epoch 11] student_model ACC: 0.8003  ASR: 0.0413
Epoch: 12 starts...
[epoch 12] student_model ACC: 0.7971  ASR: 0.0940
Epoch: 13 starts...
[epoch 13] student_model ACC: 0.7939  ASR: 0.0806
Epoch: 14 starts...
[epoch 14] student_model ACC: 0.7972  ASR: 0.0473
Epoch: 15 starts...
[epoch 15] student_model ACC: 0.8116  ASR: 0.0582
Epoch: 16 starts...
[epoch 16] student_model ACC: 0.8107  ASR: 0.1112
Epoch: 17 starts...
[epoch 17] student_model ACC: 0.8064  ASR: 0.0771
Epoch: 18 starts...
[epoch 18] student_model ACC: 0.8157  ASR: 0.0954
Epoch: 19 starts...
[epoch 19] student_model ACC: 0.8216  ASR: 0.0720
Epoch: 20 starts...
[epoch 20] student_model ACC: 0.8201  ASR: 0.0480
Epoch: 21 starts...
[epoch 21] student_model ACC: 0.8234  ASR: 0.0899
Epoch: 22 starts...
[epoch 22] student_model ACC: 0.8277  ASR: 0.0621
Epoch: 23 starts...
[epoch 23] student_model ACC: 0.8295  ASR: 0.0728
Epoch: 24 starts...
[epoch 24] student_model ACC: 0.8299  ASR: 0.0918
Epoch: 25 starts...
[epoch 25] student_model ACC: 0.8341  ASR: 0.0930
Epoch: 26 starts...
[epoch 26] student_model ACC: 0.8373  ASR: 0.0783
Epoch: 27 starts...
[epoch 27] student_model ACC: 0.8345  ASR: 0.0809
Epoch: 28 starts...
[epoch 28] student_model ACC: 0.8413  ASR: 0.0807
Epoch: 29 starts...
[epoch 29] student_model ACC: 0.8402  ASR: 0.0800
Epoch: 30 starts...
[epoch 30] student_model ACC: 0.8421  ASR: 0.0848
Epoch: 31 starts...
[epoch 31] student_model ACC: 0.8383  ASR: 0.0783
Epoch: 32 starts...
[epoch 32] student_model ACC: 0.8404  ASR: 0.0860
Epoch: 33 starts...
[epoch 33] student_model ACC: 0.8410  ASR: 0.0791
Epoch: 34 starts...
[epoch 34] student_model ACC: 0.8423  ASR: 0.0806
Epoch: 35 starts...
[epoch 35] student_model ACC: 0.8433  ASR: 0.0822
Epoch: 36 starts...
[epoch 36] student_model ACC: 0.8433  ASR: 0.0764
Epoch: 37 starts...
[epoch 37] student_model ACC: 0.8447  ASR: 0.0868
Epoch: 38 starts...
[epoch 38] student_model ACC: 0.8453  ASR: 0.0862
Epoch: 39 starts...
[epoch 39] student_model ACC: 0.8450  ASR: 0.0832
Epoch: 40 starts...
[epoch 40] student_model ACC: 0.8445  ASR: 0.0828
[epoch final] student_model ACC: 0.8445  ASR: 0.0828
--- alpha=0.25 : ACC=0.8445  ASR=0.0828  (697s) ---
--- alpha=0.5 : distilling ---
Epoch: 1 starts...
[epoch 1] student_model ACC: 0.5600  ASR: 0.3063
Epoch: 2 starts...
[epoch 2] student_model ACC: 0.6979  ASR: 0.3528
Epoch: 3 starts...
[epoch 3] student_model ACC: 0.7265  ASR: 0.3908
Epoch: 4 starts...
[epoch 4] student_model ACC: 0.7554  ASR: 0.1933
Epoch: 5 starts...
[epoch 5] student_model ACC: 0.7486  ASR: 0.3046
Epoch: 6 starts...
[epoch 6] student_model ACC: 0.7942  ASR: 0.1490
Epoch: 7 starts...
[epoch 7] student_model ACC: 0.7905  ASR: 0.2644
Epoch: 8 starts...
[epoch 8] student_model ACC: 0.7786  ASR: 0.1391
Epoch: 9 starts...
[epoch 9] student_model ACC: 0.7980  ASR: 0.1528
Epoch: 10 starts...
[epoch 10] student_model ACC: 0.7985  ASR: 0.2604
Epoch: 11 starts...
[epoch 11] student_model ACC: 0.8037  ASR: 0.1464
Epoch: 12 starts...
[epoch 12] student_model ACC: 0.7957  ASR: 0.2498
Epoch: 13 starts...
[epoch 13] student_model ACC: 0.7899  ASR: 0.1877
Epoch: 14 starts...
[epoch 14] student_model ACC: 0.8106  ASR: 0.1660
Epoch: 15 starts...
[epoch 15] student_model ACC: 0.8193  ASR: 0.1781
Epoch: 16 starts...
[epoch 16] student_model ACC: 0.8150  ASR: 0.1689
Epoch: 17 starts...
[epoch 17] student_model ACC: 0.8037  ASR: 0.2339
Epoch: 18 starts...
[epoch 18] student_model ACC: 0.8239  ASR: 0.1654
Epoch: 19 starts...
[epoch 19] student_model ACC: 0.8209  ASR: 0.1933
Epoch: 20 starts...
[epoch 20] student_model ACC: 0.8245  ASR: 0.1850
Epoch: 21 starts...
[epoch 21] student_model ACC: 0.8269  ASR: 0.1787
Epoch: 22 starts...
[epoch 22] student_model ACC: 0.8217  ASR: 0.1104
Epoch: 23 starts...
[epoch 23] student_model ACC: 0.8221  ASR: 0.1549
Epoch: 24 starts...
[epoch 24] student_model ACC: 0.8315  ASR: 0.1404
Epoch: 25 starts...
[epoch 25] student_model ACC: 0.8264  ASR: 0.1552
Epoch: 26 starts...
[epoch 26] student_model ACC: 0.8292  ASR: 0.1724
Epoch: 27 starts...
[epoch 27] student_model ACC: 0.8315  ASR: 0.1438
Epoch: 28 starts...
[epoch 28] student_model ACC: 0.8348  ASR: 0.1423
Epoch: 29 starts...
[epoch 29] student_model ACC: 0.8342  ASR: 0.1451
Epoch: 30 starts...
[epoch 30] student_model ACC: 0.8357  ASR: 0.1540
Epoch: 31 starts...
[epoch 31] student_model ACC: 0.8361  ASR: 0.1596
Epoch: 32 starts...
[epoch 32] student_model ACC: 0.8360  ASR: 0.1666
Epoch: 33 starts...
[epoch 33] student_model ACC: 0.8375  ASR: 0.1676
Epoch: 34 starts...
[epoch 34] student_model ACC: 0.8375  ASR: 0.1648
Epoch: 35 starts...
[epoch 35] student_model ACC: 0.8372  ASR: 0.1542
Epoch: 36 starts...
[epoch 36] student_model ACC: 0.8369  ASR: 0.1622
Epoch: 37 starts...
[epoch 37] student_model ACC: 0.8395  ASR: 0.1692
Epoch: 38 starts...
[epoch 38] student_model ACC: 0.8392  ASR: 0.1648
Epoch: 39 starts...
[epoch 39] student_model ACC: 0.8380  ASR: 0.1590
Epoch: 40 starts...
[epoch 40] student_model ACC: 0.8386  ASR: 0.1581
[epoch final] student_model ACC: 0.8386  ASR: 0.1581
--- alpha=0.5 : ACC=0.8386  ASR=0.1581  (700s) ---
--- alpha=0.75 : distilling ---
Epoch: 1 starts...
[epoch 1] student_model ACC: 0.5485  ASR: 0.6027
Epoch: 2 starts...
[epoch 2] student_model ACC: 0.6822  ASR: 0.6888
Epoch: 3 starts...
[epoch 3] student_model ACC: 0.7431  ASR: 0.5048
Epoch: 4 starts...
[epoch 4] student_model ACC: 0.7493  ASR: 0.4504
Epoch: 5 starts...
[epoch 5] student_model ACC: 0.7773  ASR: 0.5602
Epoch: 6 starts...
[epoch 6] student_model ACC: 0.7969  ASR: 0.4208
Epoch: 7 starts...
[epoch 7] student_model ACC: 0.7921  ASR: 0.3583
Epoch: 8 starts...
[epoch 8] student_model ACC: 0.7977  ASR: 0.2626
Epoch: 9 starts...
[epoch 9] student_model ACC: 0.8089  ASR: 0.3408
Epoch: 10 starts...
[epoch 10] student_model ACC: 0.8003  ASR: 0.4167
Epoch: 11 starts...
[epoch 11] student_model ACC: 0.8071  ASR: 0.2820
Epoch: 12 starts...
[epoch 12] student_model ACC: 0.8043  ASR: 0.3093
Epoch: 13 starts...
[epoch 13] student_model ACC: 0.8176  ASR: 0.3756
Epoch: 14 starts...
[epoch 14] student_model ACC: 0.8180  ASR: 0.3262
Epoch: 15 starts...
[epoch 15] student_model ACC: 0.8139  ASR: 0.3486
Epoch: 16 starts...
[epoch 16] student_model ACC: 0.8099  ASR: 0.5191
Epoch: 17 starts...
[epoch 17] student_model ACC: 0.8220  ASR: 0.3858
Epoch: 18 starts...
[epoch 18] student_model ACC: 0.8254  ASR: 0.4268
Epoch: 19 starts...
[epoch 19] student_model ACC: 0.8222  ASR: 0.4282
Epoch: 20 starts...
[epoch 20] student_model ACC: 0.8196  ASR: 0.2552
Epoch: 21 starts...
[epoch 21] student_model ACC: 0.8210  ASR: 0.3121
Epoch: 22 starts...
[epoch 22] student_model ACC: 0.8268  ASR: 0.2640
Epoch: 23 starts...
[epoch 23] student_model ACC: 0.8196  ASR: 0.2652
Epoch: 24 starts...
[epoch 24] student_model ACC: 0.8298  ASR: 0.2942
Epoch: 25 starts...
[epoch 25] student_model ACC: 0.8346  ASR: 0.2817
Epoch: 26 starts...
[epoch 26] student_model ACC: 0.8378  ASR: 0.3171
Epoch: 27 starts...
[epoch 27] student_model ACC: 0.8399  ASR: 0.2667
Epoch: 28 starts...
[epoch 28] student_model ACC: 0.8423  ASR: 0.2720
Epoch: 29 starts...
[epoch 29] student_model ACC: 0.8417  ASR: 0.2472
Epoch: 30 starts...
[epoch 30] student_model ACC: 0.8429  ASR: 0.2678
Epoch: 31 starts...
[epoch 31] student_model ACC: 0.8446  ASR: 0.2579
Epoch: 32 starts...
[epoch 32] student_model ACC: 0.8430  ASR: 0.2537
Epoch: 33 starts...
[epoch 33] student_model ACC: 0.8438  ASR: 0.2638
Epoch: 34 starts...
[epoch 34] student_model ACC: 0.8429  ASR: 0.2553
Epoch: 35 starts...
[epoch 35] student_model ACC: 0.8451  ASR: 0.2577
Epoch: 36 starts...
[epoch 36] student_model ACC: 0.8460  ASR: 0.2603
Epoch: 37 starts...
[epoch 37] student_model ACC: 0.8464  ASR: 0.2669
Epoch: 38 starts...
[epoch 38] student_model ACC: 0.8468  ASR: 0.2629
Epoch: 39 starts...
[epoch 39] student_model ACC: 0.8474  ASR: 0.2544
Epoch: 40 starts...
[epoch 40] student_model ACC: 0.8469  ASR: 0.2603
[epoch final] student_model ACC: 0.8469  ASR: 0.2603
--- alpha=0.75 : ACC=0.8469  ASR=0.2603  (703s) ---
--- alpha=1.0 : distilling ---
Epoch: 1 starts...
[epoch 1] student_model ACC: 0.5887  ASR: 0.7624
Epoch: 2 starts...
[epoch 2] student_model ACC: 0.6888  ASR: 0.8314
Epoch: 3 starts...
[epoch 3] student_model ACC: 0.7157  ASR: 0.5993
Epoch: 4 starts...
[epoch 4] student_model ACC: 0.7464  ASR: 0.5108
Epoch: 5 starts...
[epoch 5] student_model ACC: 0.7697  ASR: 0.8042
Epoch: 6 starts...
[epoch 6] student_model ACC: 0.7979  ASR: 0.6218
Epoch: 7 starts...
[epoch 7] student_model ACC: 0.8049  ASR: 0.7144
Epoch: 8 starts...
[epoch 8] student_model ACC: 0.7937  ASR: 0.5612
Epoch: 9 starts...
[epoch 9] student_model ACC: 0.8002  ASR: 0.7109
Epoch: 10 starts...
[epoch 10] student_model ACC: 0.8017  ASR: 0.6871
Epoch: 11 starts...
[epoch 11] student_model ACC: 0.8022  ASR: 0.5988
Epoch: 12 starts...
[epoch 12] student_model ACC: 0.8037  ASR: 0.4618
Epoch: 13 starts...
[epoch 13] student_model ACC: 0.8060  ASR: 0.5491
Epoch: 14 starts...
[epoch 14] student_model ACC: 0.8057  ASR: 0.6099
Epoch: 15 starts...
[epoch 15] student_model ACC: 0.8143  ASR: 0.6311
Epoch: 16 starts...
[epoch 16] student_model ACC: 0.8171  ASR: 0.6492
Epoch: 17 starts...
[epoch 17] student_model ACC: 0.8073  ASR: 0.6769
Epoch: 18 starts...
[epoch 18] student_model ACC: 0.8126  ASR: 0.8070
Epoch: 19 starts...
[epoch 19] student_model ACC: 0.8203  ASR: 0.6660
Epoch: 20 starts...
[epoch 20] student_model ACC: 0.8200  ASR: 0.5981
Epoch: 21 starts...
[epoch 21] student_model ACC: 0.8156  ASR: 0.5864
Epoch: 22 starts...
[epoch 22] student_model ACC: 0.8244  ASR: 0.4442
Epoch: 23 starts...
[epoch 23] student_model ACC: 0.8278  ASR: 0.5152
Epoch: 24 starts...
[epoch 24] student_model ACC: 0.8321  ASR: 0.6246
Epoch: 25 starts...
[epoch 25] student_model ACC: 0.8336  ASR: 0.5597
Epoch: 26 starts...
[epoch 26] student_model ACC: 0.8343  ASR: 0.6007
Epoch: 27 starts...
[epoch 27] student_model ACC: 0.8369  ASR: 0.5800
Epoch: 28 starts...
[epoch 28] student_model ACC: 0.8395  ASR: 0.5069
Epoch: 29 starts...
[epoch 29] student_model ACC: 0.8409  ASR: 0.5772
Epoch: 30 starts...
[epoch 30] student_model ACC: 0.8336  ASR: 0.5568
Epoch: 31 starts...
[epoch 31] student_model ACC: 0.8368  ASR: 0.5392
Epoch: 32 starts...
[epoch 32] student_model ACC: 0.8399  ASR: 0.5421
Epoch: 33 starts...
[epoch 33] student_model ACC: 0.8408  ASR: 0.5596
Epoch: 34 starts...
[epoch 34] student_model ACC: 0.8410  ASR: 0.6214
Epoch: 35 starts...
[epoch 35] student_model ACC: 0.8428  ASR: 0.6042
Epoch: 36 starts...
[epoch 36] student_model ACC: 0.8416  ASR: 0.5899
Epoch: 37 starts...
[epoch 37] student_model ACC: 0.8433  ASR: 0.6569
Epoch: 38 starts...
[epoch 38] student_model ACC: 0.8446  ASR: 0.6096
Epoch: 39 starts...
[epoch 39] student_model ACC: 0.8442  ASR: 0.5844
Epoch: 40 starts...
[epoch 40] student_model ACC: 0.8431  ASR: 0.6190
[epoch final] student_model ACC: 0.8431  ASR: 0.6190
--- alpha=1.0 : ACC=0.8431  ASR=0.6190  (703s) ---

=== SWEEP SUMMARY ===
 clean teacher ASR: 0.0152
 alpha=0.0   ACC=0.8415  ASR=0.0166
 alpha=0.25  ACC=0.8445  ASR=0.0828
 alpha=0.5   ACC=0.8386  ASR=0.1581
 alpha=0.75  ACC=0.8469  ASR=0.2603
 alpha=1.0   ACC=0.8431  ASR=0.6190

Saved -> results/asr_sweep_soft_pr0.1_ep40_n0.md (+ .json)
