/usr/local/lib/python3.12/dist-packages/timm/models/layers/__init__.py:49: FutureWarning: Importing from timm.models.layers is deprecated, please import via timm.layers
  warnings.warn(f"Importing from {__name__} is deprecated, please import via timm.layers", FutureWarning)
=== DEFENCE SCALING: monitor pools up to 10 students' streams ===
  k=1  clients (pooled 200 queries) | AUC=0.626 TPR@5%FPR=0.120 (mean_prob_kl)
  k=2  clients (pooled 400 queries) | AUC=0.711 TPR@5%FPR=0.210 (mean_prob_kl)
  k=3  clients (pooled 600 queries) | AUC=0.780 TPR@5%FPR=0.360 (mean_prob_kl)
  k=4  clients (pooled 800 queries) | AUC=0.835 TPR@5%FPR=0.385 (mean_prob_kl)
  k=5  clients (pooled 1000 queries) | AUC=0.887 TPR@5%FPR=0.590 (mean_prob_kl)
  k=6  clients (pooled 1200 queries) | AUC=0.909 TPR@5%FPR=0.640 (mean_prob_kl)
  k=7  clients (pooled 1400 queries) | AUC=0.936 TPR@5%FPR=0.625 (mean_prob_kl)
  k=8  clients (pooled 1600 queries) | AUC=0.952 TPR@5%FPR=0.775 (mean_prob_kl)
  k=9  clients (pooled 1800 queries) | AUC=0.971 TPR@5%FPR=0.805 (mean_prob_kl)
  k=10 clients (pooled 2000 queries) | AUC=0.980 TPR@5%FPR=0.935 (mean_prob_kl)
  CLEAN teacher: ACC=0.8632  ASR=0.0152  (ASR ~chance)
=== ATTACK SCALING: 1 compromised teacher -> 4 students ===
  architectures=['mobilenetv2', 'shufflenetv2', 'resnet18', 'efficientvit']  alpha=1.0  poison_rate=0.1
--- student 1/4: mobilenetv2 distilling ---
Epoch: 1 starts...
[epoch 1] student_model ACC: 0.5478  ASR: 0.7026
Epoch: 2 starts...
[epoch 2] student_model ACC: 0.6951  ASR: 0.8101
Epoch: 3 starts...
[epoch 3] student_model ACC: 0.7206  ASR: 0.5864
Epoch: 4 starts...
[epoch 4] student_model ACC: 0.7504  ASR: 0.5359
Epoch: 5 starts...
[epoch 5] student_model ACC: 0.7686  ASR: 0.7486
Epoch: 6 starts...
[epoch 6] student_model ACC: 0.7801  ASR: 0.6614
Epoch: 7 starts...
[epoch 7] student_model ACC: 0.7912  ASR: 0.6616
Epoch: 8 starts...
[epoch 8] student_model ACC: 0.7910  ASR: 0.5874
Epoch: 9 starts...
[epoch 9] student_model ACC: 0.8046  ASR: 0.6150
Epoch: 10 starts...
[epoch 10] student_model ACC: 0.8023  ASR: 0.6053
Epoch: 11 starts...
[epoch 11] student_model ACC: 0.8056  ASR: 0.5476
Epoch: 12 starts...
[epoch 12] student_model ACC: 0.8113  ASR: 0.5989
Epoch: 13 starts...
[epoch 13] student_model ACC: 0.8070  ASR: 0.6307
Epoch: 14 starts...
[epoch 14] student_model ACC: 0.8165  ASR: 0.6779
Epoch: 15 starts...
[epoch 15] student_model ACC: 0.8188  ASR: 0.7358
Epoch: 16 starts...
[epoch 16] student_model ACC: 0.8253  ASR: 0.4726
Epoch: 17 starts...
[epoch 17] student_model ACC: 0.8302  ASR: 0.5683
Epoch: 18 starts...
[epoch 18] student_model ACC: 0.8313  ASR: 0.5994
Epoch: 19 starts...
[epoch 19] student_model ACC: 0.8306  ASR: 0.6328
Epoch: 20 starts...
[epoch 20] student_model ACC: 0.8337  ASR: 0.6273
Epoch: 21 starts...
[epoch 21] student_model ACC: 0.8362  ASR: 0.6399
Epoch: 22 starts...
[epoch 22] student_model ACC: 0.8372  ASR: 0.5433
Epoch: 23 starts...
[epoch 23] student_model ACC: 0.8354  ASR: 0.5950
Epoch: 24 starts...
[epoch 24] student_model ACC: 0.8368  ASR: 0.5746
Epoch: 25 starts...
[epoch 25] student_model ACC: 0.8362  ASR: 0.6132
[epoch final] student_model ACC: 0.8362  ASR: 0.6132
--- mobilenetv2: ACC=0.8362  ASR=0.6132  (441s) ---
--- student 2/4: shufflenetv2 distilling ---
Epoch: 1 starts...
[epoch 1] student_model ACC: 0.5165  ASR: 0.7333
Epoch: 2 starts...
[epoch 2] student_model ACC: 0.5917  ASR: 0.7484
Epoch: 3 starts...
[epoch 3] student_model ACC: 0.6168  ASR: 0.6732
Epoch: 4 starts...
[epoch 4] student_model ACC: 0.7030  ASR: 0.5671
Epoch: 5 starts...
[epoch 5] student_model ACC: 0.6987  ASR: 0.7729
Epoch: 6 starts...
[epoch 6] student_model ACC: 0.7205  ASR: 0.6288
Epoch: 7 starts...
[epoch 7] student_model ACC: 0.7391  ASR: 0.6996
Epoch: 8 starts...
[epoch 8] student_model ACC: 0.7236  ASR: 0.5260
Epoch: 9 starts...
[epoch 9] student_model ACC: 0.7270  ASR: 0.6547
Epoch: 10 starts...
[epoch 10] student_model ACC: 0.7485  ASR: 0.7164
Epoch: 11 starts...
[epoch 11] student_model ACC: 0.7502  ASR: 0.7426
Epoch: 12 starts...
[epoch 12] student_model ACC: 0.7557  ASR: 0.7233
Epoch: 13 starts...
[epoch 13] student_model ACC: 0.7638  ASR: 0.5361
Epoch: 14 starts...
[epoch 14] student_model ACC: 0.7586  ASR: 0.5659
Epoch: 15 starts...
[epoch 15] student_model ACC: 0.7716  ASR: 0.5748
Epoch: 16 starts...
[epoch 16] student_model ACC: 0.7734  ASR: 0.6688
Epoch: 17 starts...
[epoch 17] student_model ACC: 0.7738  ASR: 0.6309
Epoch: 18 starts...
[epoch 18] student_model ACC: 0.7788  ASR: 0.6256
Epoch: 19 starts...
[epoch 19] student_model ACC: 0.7808  ASR: 0.6296
Epoch: 20 starts...
[epoch 20] student_model ACC: 0.7818  ASR: 0.6622
Epoch: 21 starts...
[epoch 21] student_model ACC: 0.7795  ASR: 0.6538
Epoch: 22 starts...
[epoch 22] student_model ACC: 0.7826  ASR: 0.6629
Epoch: 23 starts...
[epoch 23] student_model ACC: 0.7820  ASR: 0.7006
Epoch: 24 starts...
[epoch 24] student_model ACC: 0.7812  ASR: 0.6539
Epoch: 25 starts...
[epoch 25] student_model ACC: 0.7804  ASR: 0.6656
[epoch final] student_model ACC: 0.7804  ASR: 0.6656
--- shufflenetv2: ACC=0.7804  ASR=0.6656  (371s) ---
--- student 3/4: resnet18 distilling ---
Epoch: 1 starts...
[epoch 1] student_model ACC: 0.5779  ASR: 0.3832
Epoch: 2 starts...
[epoch 2] student_model ACC: 0.6972  ASR: 0.5189
Epoch: 3 starts...
[epoch 3] student_model ACC: 0.7602  ASR: 0.6774
Epoch: 4 starts...
[epoch 4] student_model ACC: 0.8097  ASR: 0.7308
Epoch: 5 starts...
[epoch 5] student_model ACC: 0.7974  ASR: 0.7343
Epoch: 6 starts...
[epoch 6] student_model ACC: 0.7515  ASR: 0.7043
Epoch: 7 starts...
[epoch 7] student_model ACC: 0.7968  ASR: 0.4811
Epoch: 8 starts...
[epoch 8] student_model ACC: 0.8264  ASR: 0.5977
Epoch: 9 starts...
[epoch 9] student_model ACC: 0.8308  ASR: 0.5446
Epoch: 10 starts...
[epoch 10] student_model ACC: 0.8329  ASR: 0.5451
Epoch: 11 starts...
[epoch 11] student_model ACC: 0.8446  ASR: 0.5839
Epoch: 12 starts...
[epoch 12] student_model ACC: 0.8532  ASR: 0.7498
Epoch: 13 starts...
[epoch 13] student_model ACC: 0.8565  ASR: 0.6361
Epoch: 14 starts...
[epoch 14] student_model ACC: 0.8596  ASR: 0.6208
Epoch: 15 starts...
[epoch 15] student_model ACC: 0.8618  ASR: 0.4797
Epoch: 16 starts...
[epoch 16] student_model ACC: 0.8686  ASR: 0.7424
Epoch: 17 starts...
[epoch 17] student_model ACC: 0.8707  ASR: 0.5953
Epoch: 18 starts...
[epoch 18] student_model ACC: 0.8723  ASR: 0.6201
Epoch: 19 starts...
[epoch 19] student_model ACC: 0.8749  ASR: 0.6094
Epoch: 20 starts...
[epoch 20] student_model ACC: 0.8729  ASR: 0.5900
Epoch: 21 starts...
[epoch 21] student_model ACC: 0.8744  ASR: 0.6430
Epoch: 22 starts...
[epoch 22] student_model ACC: 0.8752  ASR: 0.6086
Epoch: 23 starts...
[epoch 23] student_model ACC: 0.8735  ASR: 0.6792
Epoch: 24 starts...
[epoch 24] student_model ACC: 0.8758  ASR: 0.6120
Epoch: 25 starts...
[epoch 25] student_model ACC: 0.8752  ASR: 0.6351
[epoch final] student_model ACC: 0.8752  ASR: 0.6351
--- resnet18: ACC=0.8752  ASR=0.6351  (430s) ---
--- student 4/4: efficientvit distilling ---
Epoch: 1 starts...
[epoch 1] student_model ACC: 0.5356  ASR: 0.7846
Epoch: 2 starts...
[epoch 2] student_model ACC: 0.6148  ASR: 0.6508
Epoch: 3 starts...
[epoch 3] student_model ACC: 0.6725  ASR: 0.4582
Epoch: 4 starts...
[epoch 4] student_model ACC: 0.6912  ASR: 0.7077
Epoch: 5 starts...
[epoch 5] student_model ACC: 0.7110  ASR: 0.5436
Epoch: 6 starts...
[epoch 6] student_model ACC: 0.7241  ASR: 0.5483
Epoch: 7 starts...
[epoch 7] student_model ACC: 0.7060  ASR: 0.5162
Epoch: 8 starts...
[epoch 8] student_model ACC: 0.7398  ASR: 0.5338
Epoch: 9 starts...
[epoch 9] student_model ACC: 0.7351  ASR: 0.6453
Epoch: 10 starts...
[epoch 10] student_model ACC: 0.7337  ASR: 0.4531
Epoch: 11 starts...
[epoch 11] student_model ACC: 0.7140  ASR: 0.5769
Epoch: 12 starts...
[epoch 12] student_model ACC: 0.7425  ASR: 0.6509
Epoch: 13 starts...
[epoch 13] student_model ACC: 0.7310  ASR: 0.6058
Epoch: 14 starts...
[epoch 14] student_model ACC: 0.7221  ASR: 0.7573
Epoch: 15 starts...
[epoch 15] student_model ACC: 0.7393  ASR: 0.6081
Epoch: 16 starts...
[epoch 16] student_model ACC: 0.7326  ASR: 0.6112
Epoch: 17 starts...
[epoch 17] student_model ACC: 0.7342  ASR: 0.6029
Epoch: 18 starts...
[epoch 18] student_model ACC: 0.7394  ASR: 0.6570
Epoch: 19 starts...
[epoch 19] student_model ACC: 0.7353  ASR: 0.5869
Epoch: 20 starts...
[epoch 20] student_model ACC: 0.7339  ASR: 0.6060
Epoch: 21 starts...
[epoch 21] student_model ACC: 0.7375  ASR: 0.5844
Epoch: 22 starts...
[epoch 22] student_model ACC: 0.7369  ASR: 0.6184
Epoch: 23 starts...
[epoch 23] student_model ACC: 0.7373  ASR: 0.5807
Epoch: 24 starts...
[epoch 24] student_model ACC: 0.7381  ASR: 0.5954
Epoch: 25 starts...
[epoch 25] student_model ACC: 0.7361  ASR: 0.6146
[epoch final] student_model ACC: 0.7361  ASR: 0.6146
--- efficientvit: ACC=0.7361  ASR=0.6146  (569s) ---

Done. Results in results/dist_*.md
