2026-06-15 21:23:38,989 utils.py[line:26] INFO Current log file is attack/cifar10/resnet50/resnet18/2026-06-15-2123.log
2026-06-15 21:23:38,989 SCAR.py[line:40] INFO gpu_id:0
2026-06-15 21:23:38,989 SCAR.py[line:40] INFO teacher_model:resnet50
2026-06-15 21:23:38,989 SCAR.py[line:40] INFO student_model:resnet18
2026-06-15 21:23:38,989 SCAR.py[line:40] INFO dataset:cifar10
2026-06-15 21:23:38,989 SCAR.py[line:40] INFO num_epochs:200
2026-06-15 21:23:38,989 SCAR.py[line:40] INFO inner_steps:20
2026-06-15 21:23:38,989 SCAR.py[line:40] INFO target_label:0
2026-06-15 21:23:38,989 SCAR.py[line:40] INFO batch_num:40
2026-06-15 21:23:38,989 SCAR.py[line:40] INFO batch_size:128
2026-06-15 21:23:38,989 SCAR.py[line:40] INFO K:100
2026-06-15 21:23:38,990 SCAR.py[line:40] INFO lr:0.001
2026-06-15 21:23:38,990 SCAR.py[line:40] INFO epsilon:0.1
2026-06-15 21:23:47,757 SCAR.py[line:72] INFO teacher_model ACC: 0.9184
2026-06-15 21:23:47,758 SCAR.py[line:73] INFO teacher_model ASR: 0.9948
2026-06-15 21:23:47,759 SCAR.py[line:82] INFO Epoch: 1 starts...
2026-06-15 21:23:47,849 SCAR.py[line:88] INFO Inner optimization ...
2026-06-15 21:30:50,119 SCAR.py[line:106] INFO Outer optimization ...
2026-06-15 21:36:57,297 SCAR.py[line:174] INFO Epoch [1/200], Batch [39/391]
2026-06-15 21:36:57,297 SCAR.py[line:175] INFO teacher_ce_clean: 1.1983, teacher_ce_poisoned: 1.4087
2026-06-15 21:36:57,298 SCAR.py[line:176] INFO student_ce_clean: 0.1459, student_ce_poisoned: 0.0016
2026-06-15 21:37:04,388 SCAR.py[line:182] INFO teacher_model ACC: 0.5510, teacher_model ASR: 0.1070
2026-06-15 21:37:04,389 SCAR.py[line:183] INFO student_model ACC: 0.8882, student_model ASR: 0.9996
2026-06-15 21:37:04,389 SCAR.py[line:82] INFO Epoch: 2 starts...
2026-06-15 21:37:04,508 SCAR.py[line:88] INFO Inner optimization ...
2026-06-15 21:44:07,696 SCAR.py[line:106] INFO Outer optimization ...
2026-06-15 21:50:14,946 SCAR.py[line:174] INFO Epoch [2/200], Batch [39/391]
2026-06-15 21:50:14,946 SCAR.py[line:175] INFO teacher_ce_clean: 1.0462, teacher_ce_poisoned: 1.0934
2026-06-15 21:50:14,946 SCAR.py[line:176] INFO student_ce_clean: 0.5029, student_ce_poisoned: 1.0924
2026-06-15 21:50:22,075 SCAR.py[line:182] INFO teacher_model ACC: 0.6339, teacher_model ASR: 0.0252
2026-06-15 21:50:22,076 SCAR.py[line:183] INFO student_model ACC: 0.8416, student_model ASR: 0.7783
2026-06-15 21:50:22,076 SCAR.py[line:82] INFO Epoch: 3 starts...
2026-06-15 21:50:22,151 SCAR.py[line:88] INFO Inner optimization ...
2026-06-15 21:57:25,302 SCAR.py[line:106] INFO Outer optimization ...
2026-06-15 22:03:32,009 SCAR.py[line:174] INFO Epoch [3/200], Batch [39/391]
2026-06-15 22:03:32,010 SCAR.py[line:175] INFO teacher_ce_clean: 0.9238, teacher_ce_poisoned: 0.9901
2026-06-15 22:03:32,010 SCAR.py[line:176] INFO student_ce_clean: 0.3879, student_ce_poisoned: 1.0102
2026-06-15 22:03:39,091 SCAR.py[line:182] INFO teacher_model ACC: 0.6687, teacher_model ASR: 0.0793
2026-06-15 22:03:39,091 SCAR.py[line:183] INFO student_model ACC: 0.8426, student_model ASR: 0.7658
2026-06-15 22:03:39,092 SCAR.py[line:82] INFO Epoch: 4 starts...
2026-06-15 22:03:39,187 SCAR.py[line:88] INFO Inner optimization ...
2026-06-15 22:10:42,592 SCAR.py[line:106] INFO Outer optimization ...
2026-06-15 22:16:49,914 SCAR.py[line:174] INFO Epoch [4/200], Batch [39/391]
2026-06-15 22:16:49,915 SCAR.py[line:175] INFO teacher_ce_clean: 0.8314, teacher_ce_poisoned: 0.9827
2026-06-15 22:16:49,915 SCAR.py[line:176] INFO student_ce_clean: 0.4722, student_ce_poisoned: 0.7857
2026-06-15 22:16:56,974 SCAR.py[line:182] INFO teacher_model ACC: 0.6191, teacher_model ASR: 0.1071
2026-06-15 22:16:56,974 SCAR.py[line:183] INFO student_model ACC: 0.8634, student_model ASR: 0.8436
2026-06-15 22:16:56,975 SCAR.py[line:82] INFO Epoch: 5 starts...
2026-06-15 22:16:57,049 SCAR.py[line:88] INFO Inner optimization ...
2026-06-15 22:24:00,389 SCAR.py[line:106] INFO Outer optimization ...
2026-06-15 22:30:07,599 SCAR.py[line:174] INFO Epoch [5/200], Batch [39/391]
2026-06-15 22:30:07,599 SCAR.py[line:175] INFO teacher_ce_clean: 0.6784, teacher_ce_poisoned: 0.7456
2026-06-15 22:30:07,599 SCAR.py[line:176] INFO student_ce_clean: 0.4025, student_ce_poisoned: 0.5368
2026-06-15 22:30:14,703 SCAR.py[line:182] INFO teacher_model ACC: 0.7087, teacher_model ASR: 0.0508
2026-06-15 22:30:14,703 SCAR.py[line:183] INFO student_model ACC: 0.8415, student_model ASR: 0.8768
2026-06-15 22:30:14,704 SCAR.py[line:82] INFO Epoch: 6 starts...
2026-06-15 22:30:14,798 SCAR.py[line:88] INFO Inner optimization ...
2026-06-15 22:37:17,902 SCAR.py[line:106] INFO Outer optimization ...
2026-06-15 22:43:24,988 SCAR.py[line:174] INFO Epoch [6/200], Batch [39/391]
2026-06-15 22:43:24,989 SCAR.py[line:175] INFO teacher_ce_clean: 0.9548, teacher_ce_poisoned: 0.9798
2026-06-15 22:43:24,989 SCAR.py[line:176] INFO student_ce_clean: 0.3882, student_ce_poisoned: 1.1496
2026-06-15 22:43:32,042 SCAR.py[line:182] INFO teacher_model ACC: 0.6500, teacher_model ASR: 0.0239
2026-06-15 22:43:32,043 SCAR.py[line:183] INFO student_model ACC: 0.8641, student_model ASR: 0.6653
2026-06-15 22:43:32,043 SCAR.py[line:82] INFO Epoch: 7 starts...
2026-06-15 22:43:32,140 SCAR.py[line:88] INFO Inner optimization ...
2026-06-15 22:50:35,254 SCAR.py[line:106] INFO Outer optimization ...
2026-06-15 22:56:42,042 SCAR.py[line:174] INFO Epoch [7/200], Batch [39/391]
2026-06-15 22:56:42,042 SCAR.py[line:175] INFO teacher_ce_clean: 0.5879, teacher_ce_poisoned: 0.6561
2026-06-15 22:56:42,043 SCAR.py[line:176] INFO student_ce_clean: 0.3989, student_ce_poisoned: 1.3230
2026-06-15 22:56:49,090 SCAR.py[line:182] INFO teacher_model ACC: 0.7382, teacher_model ASR: 0.1200
2026-06-15 22:56:49,091 SCAR.py[line:183] INFO student_model ACC: 0.8272, student_model ASR: 0.6246
2026-06-15 22:56:49,091 SCAR.py[line:82] INFO Epoch: 8 starts...
2026-06-15 22:56:49,165 SCAR.py[line:88] INFO Inner optimization ...
2026-06-15 23:03:52,249 SCAR.py[line:106] INFO Outer optimization ...
2026-06-15 23:09:56,293 SCAR.py[line:174] INFO Epoch [8/200], Batch [39/391]
2026-06-15 23:09:56,293 SCAR.py[line:175] INFO teacher_ce_clean: 0.7437, teacher_ce_poisoned: 0.8806
2026-06-15 23:09:56,294 SCAR.py[line:176] INFO student_ce_clean: 0.4011, student_ce_poisoned: 0.5561
2026-06-15 23:10:03,350 SCAR.py[line:182] INFO teacher_model ACC: 0.7013, teacher_model ASR: 0.0201
2026-06-15 23:10:03,350 SCAR.py[line:183] INFO student_model ACC: 0.8523, student_model ASR: 0.8148
2026-06-15 23:10:03,351 SCAR.py[line:82] INFO Epoch: 9 starts...
2026-06-15 23:10:03,446 SCAR.py[line:88] INFO Inner optimization ...
2026-06-15 23:17:06,850 SCAR.py[line:106] INFO Outer optimization ...
2026-06-15 23:23:13,590 SCAR.py[line:174] INFO Epoch [9/200], Batch [39/391]
2026-06-15 23:23:13,591 SCAR.py[line:175] INFO teacher_ce_clean: 0.8783, teacher_ce_poisoned: 0.9317
2026-06-15 23:23:13,591 SCAR.py[line:176] INFO student_ce_clean: 0.3744, student_ce_poisoned: 0.8071
2026-06-15 23:23:20,691 SCAR.py[line:182] INFO teacher_model ACC: 0.7268, teacher_model ASR: 0.0136
2026-06-15 23:23:20,691 SCAR.py[line:183] INFO student_model ACC: 0.8587, student_model ASR: 0.7012
2026-06-15 23:23:20,691 SCAR.py[line:82] INFO Epoch: 10 starts...
2026-06-15 23:23:20,767 SCAR.py[line:88] INFO Inner optimization ...
2026-06-15 23:30:24,326 SCAR.py[line:106] INFO Outer optimization ...
2026-06-15 23:36:30,808 SCAR.py[line:174] INFO Epoch [10/200], Batch [39/391]
2026-06-15 23:36:30,809 SCAR.py[line:175] INFO teacher_ce_clean: 0.6885, teacher_ce_poisoned: 0.7275
2026-06-15 23:36:30,809 SCAR.py[line:176] INFO student_ce_clean: 0.3779, student_ce_poisoned: 1.2667
2026-06-15 23:36:37,851 SCAR.py[line:182] INFO teacher_model ACC: 0.6560, teacher_model ASR: 0.0236
2026-06-15 23:36:37,852 SCAR.py[line:183] INFO student_model ACC: 0.8477, student_model ASR: 0.4781
2026-06-15 23:36:37,945 SCAR.py[line:188] INFO teacher_model: acc_0.6560_asr_0.0236.pth saved
2026-06-15 23:36:37,946 SCAR.py[line:82] INFO Epoch: 11 starts...
2026-06-15 23:36:38,018 SCAR.py[line:88] INFO Inner optimization ...
2026-06-15 23:43:41,559 SCAR.py[line:106] INFO Outer optimization ...
2026-06-15 23:49:47,950 SCAR.py[line:174] INFO Epoch [11/200], Batch [39/391]
2026-06-15 23:49:47,951 SCAR.py[line:175] INFO teacher_ce_clean: 0.6467, teacher_ce_poisoned: 0.7302
2026-06-15 23:49:47,951 SCAR.py[line:176] INFO student_ce_clean: 0.4223, student_ce_poisoned: 0.8301
2026-06-15 23:49:54,984 SCAR.py[line:182] INFO teacher_model ACC: 0.7009, teacher_model ASR: 0.1182
2026-06-15 23:49:54,985 SCAR.py[line:183] INFO student_model ACC: 0.8572, student_model ASR: 0.7674
2026-06-15 23:49:54,985 SCAR.py[line:82] INFO Epoch: 12 starts...
2026-06-15 23:49:55,091 SCAR.py[line:88] INFO Inner optimization ...
2026-06-15 23:56:58,632 SCAR.py[line:106] INFO Outer optimization ...
2026-06-16 00:03:04,256 SCAR.py[line:174] INFO Epoch [12/200], Batch [39/391]
2026-06-16 00:03:04,257 SCAR.py[line:175] INFO teacher_ce_clean: 0.4940, teacher_ce_poisoned: 0.6184
2026-06-16 00:03:04,257 SCAR.py[line:176] INFO student_ce_clean: 0.2849, student_ce_poisoned: 0.2186
2026-06-16 00:03:11,311 SCAR.py[line:182] INFO teacher_model ACC: 0.7415, teacher_model ASR: 0.0478
2026-06-16 00:03:11,311 SCAR.py[line:183] INFO student_model ACC: 0.8738, student_model ASR: 0.9071
2026-06-16 00:03:11,312 SCAR.py[line:82] INFO Epoch: 13 starts...
2026-06-16 00:03:11,419 SCAR.py[line:88] INFO Inner optimization ...
2026-06-16 00:10:14,912 SCAR.py[line:106] INFO Outer optimization ...
2026-06-16 00:16:21,404 SCAR.py[line:174] INFO Epoch [13/200], Batch [39/391]
2026-06-16 00:16:21,404 SCAR.py[line:175] INFO teacher_ce_clean: 0.6247, teacher_ce_poisoned: 0.7423
2026-06-16 00:16:21,405 SCAR.py[line:176] INFO student_ce_clean: 0.3959, student_ce_poisoned: 0.3381
2026-06-16 00:16:28,491 SCAR.py[line:182] INFO teacher_model ACC: 0.7399, teacher_model ASR: 0.0104
2026-06-16 00:16:28,491 SCAR.py[line:183] INFO student_model ACC: 0.8699, student_model ASR: 0.9172
2026-06-16 00:16:28,492 SCAR.py[line:82] INFO Epoch: 14 starts...
2026-06-16 00:16:28,599 SCAR.py[line:88] INFO Inner optimization ...
2026-06-16 00:23:32,147 SCAR.py[line:106] INFO Outer optimization ...
2026-06-16 00:29:38,007 SCAR.py[line:174] INFO Epoch [14/200], Batch [39/391]
2026-06-16 00:29:38,008 SCAR.py[line:175] INFO teacher_ce_clean: 0.5334, teacher_ce_poisoned: 0.6447
2026-06-16 00:29:38,008 SCAR.py[line:176] INFO student_ce_clean: 0.3258, student_ce_poisoned: 0.2637
2026-06-16 00:29:45,096 SCAR.py[line:182] INFO teacher_model ACC: 0.7463, teacher_model ASR: 0.0488
2026-06-16 00:29:45,097 SCAR.py[line:183] INFO student_model ACC: 0.8587, student_model ASR: 0.9381
2026-06-16 00:29:45,097 SCAR.py[line:82] INFO Epoch: 15 starts...
2026-06-16 00:29:45,194 SCAR.py[line:88] INFO Inner optimization ...
2026-06-16 00:36:48,704 SCAR.py[line:106] INFO Outer optimization ...
2026-06-16 00:42:55,178 SCAR.py[line:174] INFO Epoch [15/200], Batch [39/391]
2026-06-16 00:42:55,178 SCAR.py[line:175] INFO teacher_ce_clean: 0.4425, teacher_ce_poisoned: 0.5614
2026-06-16 00:42:55,178 SCAR.py[line:176] INFO student_ce_clean: 0.2420, student_ce_poisoned: 0.6972
2026-06-16 00:43:02,215 SCAR.py[line:182] INFO teacher_model ACC: 0.7703, teacher_model ASR: 0.0370
2026-06-16 00:43:02,215 SCAR.py[line:183] INFO student_model ACC: 0.8777, student_model ASR: 0.8186
2026-06-16 00:43:02,317 SCAR.py[line:188] INFO teacher_model: acc_0.7703_asr_0.0370.pth saved
2026-06-16 00:43:02,317 SCAR.py[line:82] INFO Epoch: 16 starts...
2026-06-16 00:43:02,389 SCAR.py[line:88] INFO Inner optimization ...
2026-06-16 00:50:05,788 SCAR.py[line:106] INFO Outer optimization ...
2026-06-16 00:56:12,271 SCAR.py[line:174] INFO Epoch [16/200], Batch [39/391]
2026-06-16 00:56:12,272 SCAR.py[line:175] INFO teacher_ce_clean: 0.6239, teacher_ce_poisoned: 0.7040
2026-06-16 00:56:12,272 SCAR.py[line:176] INFO student_ce_clean: 0.3187, student_ce_poisoned: 0.5026
2026-06-16 00:56:19,297 SCAR.py[line:182] INFO teacher_model ACC: 0.7506, teacher_model ASR: 0.0203
2026-06-16 00:56:19,298 SCAR.py[line:183] INFO student_model ACC: 0.8639, student_model ASR: 0.8861
2026-06-16 00:56:19,298 SCAR.py[line:82] INFO Epoch: 17 starts...
2026-06-16 00:56:19,377 SCAR.py[line:88] INFO Inner optimization ...
2026-06-16 01:03:22,673 SCAR.py[line:106] INFO Outer optimization ...
2026-06-16 01:09:28,676 SCAR.py[line:174] INFO Epoch [17/200], Batch [39/391]
2026-06-16 01:09:28,677 SCAR.py[line:175] INFO teacher_ce_clean: 0.5552, teacher_ce_poisoned: 0.6877
2026-06-16 01:09:28,677 SCAR.py[line:176] INFO student_ce_clean: 0.2890, student_ce_poisoned: 0.9429
2026-06-16 01:09:35,748 SCAR.py[line:182] INFO teacher_model ACC: 0.7575, teacher_model ASR: 0.0530
2026-06-16 01:09:35,748 SCAR.py[line:183] INFO student_model ACC: 0.8723, student_model ASR: 0.6951
2026-06-16 01:09:35,749 SCAR.py[line:82] INFO Epoch: 18 starts...
2026-06-16 01:09:35,844 SCAR.py[line:88] INFO Inner optimization ...
2026-06-16 01:16:39,361 SCAR.py[line:106] INFO Outer optimization ...
2026-06-16 01:22:46,119 SCAR.py[line:174] INFO Epoch [18/200], Batch [39/391]
2026-06-16 01:22:46,120 SCAR.py[line:175] INFO teacher_ce_clean: 0.3370, teacher_ce_poisoned: 0.4226
2026-06-16 01:22:46,120 SCAR.py[line:176] INFO student_ce_clean: 0.2394, student_ce_poisoned: 0.4341
2026-06-16 01:22:53,164 SCAR.py[line:182] INFO teacher_model ACC: 0.7796, teacher_model ASR: 0.0620
2026-06-16 01:22:53,165 SCAR.py[line:183] INFO student_model ACC: 0.8696, student_model ASR: 0.8752
2026-06-16 01:22:53,165 SCAR.py[line:82] INFO Epoch: 19 starts...
2026-06-16 01:22:53,261 SCAR.py[line:88] INFO Inner optimization ...
2026-06-16 01:29:56,699 SCAR.py[line:106] INFO Outer optimization ...
2026-06-16 01:36:02,482 SCAR.py[line:174] INFO Epoch [19/200], Batch [39/391]
2026-06-16 01:36:02,482 SCAR.py[line:175] INFO teacher_ce_clean: 0.5506, teacher_ce_poisoned: 0.7140
2026-06-16 01:36:02,482 SCAR.py[line:176] INFO student_ce_clean: 0.2719, student_ce_poisoned: 0.1237
2026-06-16 01:36:09,530 SCAR.py[line:182] INFO teacher_model ACC: 0.7325, teacher_model ASR: 0.0464
2026-06-16 01:36:09,531 SCAR.py[line:183] INFO student_model ACC: 0.8770, student_model ASR: 0.9437
2026-06-16 01:36:09,531 SCAR.py[line:82] INFO Epoch: 20 starts...
2026-06-16 01:36:09,636 SCAR.py[line:88] INFO Inner optimization ...
2026-06-16 01:43:12,654 SCAR.py[line:106] INFO Outer optimization ...
2026-06-16 01:49:19,421 SCAR.py[line:174] INFO Epoch [20/200], Batch [39/391]
2026-06-16 01:49:19,422 SCAR.py[line:175] INFO teacher_ce_clean: 0.4097, teacher_ce_poisoned: 0.4812
2026-06-16 01:49:19,422 SCAR.py[line:176] INFO student_ce_clean: 0.3909, student_ce_poisoned: 0.5997
2026-06-16 01:49:26,517 SCAR.py[line:182] INFO teacher_model ACC: 0.8056, teacher_model ASR: 0.0183
2026-06-16 01:49:26,517 SCAR.py[line:183] INFO student_model ACC: 0.8565, student_model ASR: 0.8551
2026-06-16 01:49:26,619 SCAR.py[line:188] INFO teacher_model: acc_0.8056_asr_0.0183.pth saved
2026-06-16 01:49:26,619 SCAR.py[line:82] INFO Epoch: 21 starts...
2026-06-16 01:49:26,690 SCAR.py[line:88] INFO Inner optimization ...
2026-06-16 01:56:29,892 SCAR.py[line:106] INFO Outer optimization ...
2026-06-16 02:02:35,952 SCAR.py[line:174] INFO Epoch [21/200], Batch [39/391]
2026-06-16 02:02:35,953 SCAR.py[line:175] INFO teacher_ce_clean: 0.4399, teacher_ce_poisoned: 0.5678
2026-06-16 02:02:35,953 SCAR.py[line:176] INFO student_ce_clean: 0.3222, student_ce_poisoned: 0.2840
2026-06-16 02:02:43,038 SCAR.py[line:182] INFO teacher_model ACC: 0.8071, teacher_model ASR: 0.0284
2026-06-16 02:02:43,038 SCAR.py[line:183] INFO student_model ACC: 0.8695, student_model ASR: 0.9634
2026-06-16 02:02:43,039 SCAR.py[line:82] INFO Epoch: 22 starts...
2026-06-16 02:02:43,115 SCAR.py[line:88] INFO Inner optimization ...
2026-06-16 02:09:46,493 SCAR.py[line:106] INFO Outer optimization ...
2026-06-16 02:15:53,014 SCAR.py[line:174] INFO Epoch [22/200], Batch [39/391]
2026-06-16 02:15:53,015 SCAR.py[line:175] INFO teacher_ce_clean: 0.4637, teacher_ce_poisoned: 0.5485
2026-06-16 02:15:53,015 SCAR.py[line:176] INFO student_ce_clean: 0.2504, student_ce_poisoned: 0.2135
2026-06-16 02:16:00,034 SCAR.py[line:182] INFO teacher_model ACC: 0.7865, teacher_model ASR: 0.0369
2026-06-16 02:16:00,034 SCAR.py[line:183] INFO student_model ACC: 0.8838, student_model ASR: 0.9560
2026-06-16 02:16:00,034 SCAR.py[line:82] INFO Epoch: 23 starts...
2026-06-16 02:16:00,111 SCAR.py[line:88] INFO Inner optimization ...
2026-06-16 02:23:03,290 SCAR.py[line:106] INFO Outer optimization ...
2026-06-16 02:29:09,335 SCAR.py[line:174] INFO Epoch [23/200], Batch [39/391]
2026-06-16 02:29:09,336 SCAR.py[line:175] INFO teacher_ce_clean: 0.5077, teacher_ce_poisoned: 0.6214
2026-06-16 02:29:09,336 SCAR.py[line:176] INFO student_ce_clean: 0.2608, student_ce_poisoned: 0.2063
2026-06-16 02:29:16,411 SCAR.py[line:182] INFO teacher_model ACC: 0.8162, teacher_model ASR: 0.0130
2026-06-16 02:29:16,411 SCAR.py[line:183] INFO student_model ACC: 0.8693, student_model ASR: 0.9347
2026-06-16 02:29:16,412 SCAR.py[line:82] INFO Epoch: 24 starts...
2026-06-16 02:29:16,516 SCAR.py[line:88] INFO Inner optimization ...
2026-06-16 02:36:19,702 SCAR.py[line:106] INFO Outer optimization ...
2026-06-16 02:42:25,584 SCAR.py[line:174] INFO Epoch [24/200], Batch [39/391]
2026-06-16 02:42:25,584 SCAR.py[line:175] INFO teacher_ce_clean: 0.4187, teacher_ce_poisoned: 0.4761
2026-06-16 02:42:25,584 SCAR.py[line:176] INFO student_ce_clean: 0.2618, student_ce_poisoned: 0.6685
2026-06-16 02:42:32,665 SCAR.py[line:182] INFO teacher_model ACC: 0.7854, teacher_model ASR: 0.0073
2026-06-16 02:42:32,666 SCAR.py[line:183] INFO student_model ACC: 0.8745, student_model ASR: 0.7917
2026-06-16 02:42:32,666 SCAR.py[line:82] INFO Epoch: 25 starts...
2026-06-16 02:42:32,742 SCAR.py[line:88] INFO Inner optimization ...
2026-06-16 02:49:36,195 SCAR.py[line:106] INFO Outer optimization ...
2026-06-16 02:55:42,700 SCAR.py[line:174] INFO Epoch [25/200], Batch [39/391]
2026-06-16 02:55:42,700 SCAR.py[line:175] INFO teacher_ce_clean: 0.4443, teacher_ce_poisoned: 0.5062
2026-06-16 02:55:42,701 SCAR.py[line:176] INFO student_ce_clean: 0.2767, student_ce_poisoned: 0.3239
2026-06-16 02:55:49,741 SCAR.py[line:182] INFO teacher_model ACC: 0.7991, teacher_model ASR: 0.0106
2026-06-16 02:55:49,741 SCAR.py[line:183] INFO student_model ACC: 0.8761, student_model ASR: 0.9301
2026-06-16 02:55:49,833 SCAR.py[line:188] INFO teacher_model: acc_0.7991_asr_0.0106.pth saved
2026-06-16 02:55:49,834 SCAR.py[line:82] INFO Epoch: 26 starts...
2026-06-16 02:55:49,906 SCAR.py[line:88] INFO Inner optimization ...
2026-06-16 03:02:53,627 SCAR.py[line:106] INFO Outer optimization ...
2026-06-16 03:09:00,163 SCAR.py[line:174] INFO Epoch [26/200], Batch [39/391]
2026-06-16 03:09:00,164 SCAR.py[line:175] INFO teacher_ce_clean: 0.5188, teacher_ce_poisoned: 0.5181
2026-06-16 03:09:00,164 SCAR.py[line:176] INFO student_ce_clean: 0.2672, student_ce_poisoned: 0.2022
2026-06-16 03:09:07,221 SCAR.py[line:182] INFO teacher_model ACC: 0.7842, teacher_model ASR: 0.0123
2026-06-16 03:09:07,221 SCAR.py[line:183] INFO student_model ACC: 0.8801, student_model ASR: 0.9587
2026-06-16 03:09:07,222 SCAR.py[line:82] INFO Epoch: 27 starts...
2026-06-16 03:09:07,328 SCAR.py[line:88] INFO Inner optimization ...
2026-06-16 03:16:10,255 SCAR.py[line:106] INFO Outer optimization ...
2026-06-16 03:22:14,798 SCAR.py[line:174] INFO Epoch [27/200], Batch [39/391]
2026-06-16 03:22:14,799 SCAR.py[line:175] INFO teacher_ce_clean: 0.3700, teacher_ce_poisoned: 0.4723
2026-06-16 03:22:14,799 SCAR.py[line:176] INFO student_ce_clean: 0.1395, student_ce_poisoned: 0.3764
2026-06-16 03:22:21,880 SCAR.py[line:182] INFO teacher_model ACC: 0.7862, teacher_model ASR: 0.0544
2026-06-16 03:22:21,881 SCAR.py[line:183] INFO student_model ACC: 0.8899, student_model ASR: 0.9304
2026-06-16 03:22:21,881 SCAR.py[line:82] INFO Epoch: 28 starts...
2026-06-16 03:22:21,989 SCAR.py[line:88] INFO Inner optimization ...
2026-06-16 03:29:25,176 SCAR.py[line:106] INFO Outer optimization ...
2026-06-16 03:35:30,982 SCAR.py[line:174] INFO Epoch [28/200], Batch [39/391]
2026-06-16 03:35:30,983 SCAR.py[line:175] INFO teacher_ce_clean: 0.3133, teacher_ce_poisoned: 0.3734
2026-06-16 03:35:30,983 SCAR.py[line:176] INFO student_ce_clean: 0.2600, student_ce_poisoned: 0.3329
2026-06-16 03:35:38,041 SCAR.py[line:182] INFO teacher_model ACC: 0.8103, teacher_model ASR: 0.0213
2026-06-16 03:35:38,041 SCAR.py[line:183] INFO student_model ACC: 0.8819, student_model ASR: 0.9248
2026-06-16 03:35:38,042 SCAR.py[line:82] INFO Epoch: 29 starts...
2026-06-16 03:35:38,137 SCAR.py[line:88] INFO Inner optimization ...
2026-06-16 03:42:41,338 SCAR.py[line:106] INFO Outer optimization ...
2026-06-16 03:48:47,951 SCAR.py[line:174] INFO Epoch [29/200], Batch [39/391]
2026-06-16 03:48:47,952 SCAR.py[line:175] INFO teacher_ce_clean: 0.3692, teacher_ce_poisoned: 0.4863
2026-06-16 03:48:47,952 SCAR.py[line:176] INFO student_ce_clean: 0.2615, student_ce_poisoned: 0.2047
2026-06-16 03:48:55,029 SCAR.py[line:182] INFO teacher_model ACC: 0.7651, teacher_model ASR: 0.0268
2026-06-16 03:48:55,029 SCAR.py[line:183] INFO student_model ACC: 0.8780, student_model ASR: 0.9724
2026-06-16 03:48:55,030 SCAR.py[line:82] INFO Epoch: 30 starts...
2026-06-16 03:48:55,134 SCAR.py[line:88] INFO Inner optimization ...
2026-06-16 03:55:58,573 SCAR.py[line:106] INFO Outer optimization ...
2026-06-16 04:02:05,271 SCAR.py[line:174] INFO Epoch [30/200], Batch [39/391]
2026-06-16 04:02:05,272 SCAR.py[line:175] INFO teacher_ce_clean: 0.3556, teacher_ce_poisoned: 0.4492
2026-06-16 04:02:05,272 SCAR.py[line:176] INFO student_ce_clean: 0.2802, student_ce_poisoned: 0.7844
2026-06-16 04:02:12,284 SCAR.py[line:182] INFO teacher_model ACC: 0.7977, teacher_model ASR: 0.0262
2026-06-16 04:02:12,284 SCAR.py[line:183] INFO student_model ACC: 0.8560, student_model ASR: 0.8171
2026-06-16 04:02:12,386 SCAR.py[line:188] INFO teacher_model: acc_0.7977_asr_0.0262.pth saved
2026-06-16 04:02:12,387 SCAR.py[line:82] INFO Epoch: 31 starts...
2026-06-16 04:02:12,457 SCAR.py[line:88] INFO Inner optimization ...
### WATCHDOG: reached epoch 31, stopped attack at Tue Jun 16 04:03:38 UTC 2026 ###
### WATCHDOG: launching final distillation (victim=mobilenetv2) at Tue Jun 16 04:04:03 UTC 2026 ###
2026-06-16 04:04:05,555 utils.py[line:26] INFO Current log file is distillation/cifar10/response/resnet50/mobilenetv2/2026-06-16-0404.log
2026-06-16 04:04:05,555 test_distillation.py[line:35] INFO gpu_id:0
2026-06-16 04:04:05,555 test_distillation.py[line:35] INFO dl_method:response
2026-06-16 04:04:05,556 test_distillation.py[line:35] INFO teacher_model:resnet50
2026-06-16 04:04:05,556 test_distillation.py[line:35] INFO surrogate_model:resnet18
2026-06-16 04:04:05,556 test_distillation.py[line:35] INFO student_model:mobilenetv2
2026-06-16 04:04:05,556 test_distillation.py[line:35] INFO dataset:cifar10
2026-06-16 04:04:05,556 test_distillation.py[line:35] INFO target_label:0
2026-06-16 04:04:05,556 test_distillation.py[line:35] INFO batch_size:128
2026-06-16 04:04:05,556 test_distillation.py[line:35] INFO delta:1
2026-06-16 04:04:05,556 test_distillation.py[line:35] INFO epsilon:0.1
2026-06-16 04:04:05,556 test_distillation.py[line:43] INFO teacher_path: attack/cifar10/resnet50/resnet18/ckp/acc_0.8056_asr_0.0183.pth
2026-06-16 04:04:05,556 test_distillation.py[line:44] INFO poisoner_path: pretrain/cifar10/resnet50/poisoner_0.1.pth
2026-06-16 04:04:12,851 test_distillation.py[line:60] INFO teacher_model ACC: 0.8056
2026-06-16 04:04:12,851 test_distillation.py[line:61] INFO teacher_model ASR: 0.0183
2026-06-16 04:04:12,903 distillation.py[line:38] INFO Epoch: 1 starts...
2026-06-16 04:04:38,190 distillation.py[line:59] INFO student_model ACC: 0.6008
2026-06-16 04:04:38,191 distillation.py[line:60] INFO student_model ASR: 0.2559
2026-06-16 04:04:38,191 distillation.py[line:38] INFO Epoch: 2 starts...
2026-06-16 04:05:02,844 distillation.py[line:59] INFO student_model ACC: 0.6994
2026-06-16 04:05:02,844 distillation.py[line:60] INFO student_model ASR: 0.5031
2026-06-16 04:05:02,844 distillation.py[line:38] INFO Epoch: 3 starts...
2026-06-16 04:05:27,428 distillation.py[line:59] INFO student_model ACC: 0.7478
2026-06-16 04:05:27,428 distillation.py[line:60] INFO student_model ASR: 0.4691
2026-06-16 04:05:27,428 distillation.py[line:38] INFO Epoch: 4 starts...
2026-06-16 04:05:52,088 distillation.py[line:59] INFO student_model ACC: 0.7799
2026-06-16 04:05:52,089 distillation.py[line:60] INFO student_model ASR: 0.7928
2026-06-16 04:05:52,089 distillation.py[line:38] INFO Epoch: 5 starts...
2026-06-16 04:06:16,753 distillation.py[line:59] INFO student_model ACC: 0.8089
2026-06-16 04:06:16,753 distillation.py[line:60] INFO student_model ASR: 0.6587
2026-06-16 04:06:16,753 distillation.py[line:38] INFO Epoch: 6 starts...
2026-06-16 04:06:41,440 distillation.py[line:59] INFO student_model ACC: 0.8074
2026-06-16 04:06:41,440 distillation.py[line:60] INFO student_model ASR: 0.5946
2026-06-16 04:06:41,440 distillation.py[line:38] INFO Epoch: 7 starts...
2026-06-16 04:07:06,123 distillation.py[line:59] INFO student_model ACC: 0.8172
2026-06-16 04:07:06,123 distillation.py[line:60] INFO student_model ASR: 0.7813
2026-06-16 04:07:06,123 distillation.py[line:38] INFO Epoch: 8 starts...
2026-06-16 04:07:30,776 distillation.py[line:59] INFO student_model ACC: 0.8079
2026-06-16 04:07:30,776 distillation.py[line:60] INFO student_model ASR: 0.7902
2026-06-16 04:07:30,776 distillation.py[line:38] INFO Epoch: 9 starts...
2026-06-16 04:07:55,439 distillation.py[line:59] INFO student_model ACC: 0.8369
2026-06-16 04:07:55,440 distillation.py[line:60] INFO student_model ASR: 0.8233
2026-06-16 04:07:55,440 distillation.py[line:38] INFO Epoch: 10 starts...
2026-06-16 04:08:20,105 distillation.py[line:59] INFO student_model ACC: 0.8374
2026-06-16 04:08:20,105 distillation.py[line:60] INFO student_model ASR: 0.8981
2026-06-16 04:08:20,105 distillation.py[line:38] INFO Epoch: 11 starts...
2026-06-16 04:08:44,763 distillation.py[line:59] INFO student_model ACC: 0.8377
2026-06-16 04:08:44,764 distillation.py[line:60] INFO student_model ASR: 0.8031
2026-06-16 04:08:44,764 distillation.py[line:38] INFO Epoch: 12 starts...
2026-06-16 04:09:09,417 distillation.py[line:59] INFO student_model ACC: 0.8361
2026-06-16 04:09:09,417 distillation.py[line:60] INFO student_model ASR: 0.9550
2026-06-16 04:09:09,418 distillation.py[line:38] INFO Epoch: 13 starts...
2026-06-16 04:09:34,059 distillation.py[line:59] INFO student_model ACC: 0.8501
2026-06-16 04:09:34,059 distillation.py[line:60] INFO student_model ASR: 0.8692
2026-06-16 04:09:34,059 distillation.py[line:38] INFO Epoch: 14 starts...
2026-06-16 04:09:58,707 distillation.py[line:59] INFO student_model ACC: 0.8370
2026-06-16 04:09:58,707 distillation.py[line:60] INFO student_model ASR: 0.9668
2026-06-16 04:09:58,707 distillation.py[line:38] INFO Epoch: 15 starts...
2026-06-16 04:10:23,375 distillation.py[line:59] INFO student_model ACC: 0.8592
2026-06-16 04:10:23,376 distillation.py[line:60] INFO student_model ASR: 0.8217
2026-06-16 04:10:23,376 distillation.py[line:38] INFO Epoch: 16 starts...
2026-06-16 04:10:48,043 distillation.py[line:59] INFO student_model ACC: 0.8418
2026-06-16 04:10:48,043 distillation.py[line:60] INFO student_model ASR: 0.8981
2026-06-16 04:10:48,044 distillation.py[line:38] INFO Epoch: 17 starts...
2026-06-16 04:11:12,715 distillation.py[line:59] INFO student_model ACC: 0.8490
2026-06-16 04:11:12,715 distillation.py[line:60] INFO student_model ASR: 0.8908
2026-06-16 04:11:12,715 distillation.py[line:38] INFO Epoch: 18 starts...
2026-06-16 04:11:37,413 distillation.py[line:59] INFO student_model ACC: 0.8540
2026-06-16 04:11:37,414 distillation.py[line:60] INFO student_model ASR: 0.8776
2026-06-16 04:11:37,414 distillation.py[line:38] INFO Epoch: 19 starts...
2026-06-16 04:12:02,091 distillation.py[line:59] INFO student_model ACC: 0.8671
2026-06-16 04:12:02,092 distillation.py[line:60] INFO student_model ASR: 0.9584
2026-06-16 04:12:02,092 distillation.py[line:38] INFO Epoch: 20 starts...
2026-06-16 04:12:26,735 distillation.py[line:59] INFO student_model ACC: 0.8657
2026-06-16 04:12:26,735 distillation.py[line:60] INFO student_model ASR: 0.8796
2026-06-16 04:12:26,735 distillation.py[line:38] INFO Epoch: 21 starts...
2026-06-16 04:12:51,384 distillation.py[line:59] INFO student_model ACC: 0.8642
2026-06-16 04:12:51,384 distillation.py[line:60] INFO student_model ASR: 0.8941
2026-06-16 04:12:51,384 distillation.py[line:38] INFO Epoch: 22 starts...
2026-06-16 04:13:16,050 distillation.py[line:59] INFO student_model ACC: 0.8568
2026-06-16 04:13:16,050 distillation.py[line:60] INFO student_model ASR: 0.9137
2026-06-16 04:13:16,050 distillation.py[line:38] INFO Epoch: 23 starts...
2026-06-16 04:13:40,744 distillation.py[line:59] INFO student_model ACC: 0.8680
2026-06-16 04:13:40,744 distillation.py[line:60] INFO student_model ASR: 0.9450
2026-06-16 04:13:40,745 distillation.py[line:38] INFO Epoch: 24 starts...
2026-06-16 04:14:05,389 distillation.py[line:59] INFO student_model ACC: 0.8682
2026-06-16 04:14:05,389 distillation.py[line:60] INFO student_model ASR: 0.9636
2026-06-16 04:14:05,390 distillation.py[line:38] INFO Epoch: 25 starts...
2026-06-16 04:14:30,049 distillation.py[line:59] INFO student_model ACC: 0.8697
2026-06-16 04:14:30,049 distillation.py[line:60] INFO student_model ASR: 0.9297
2026-06-16 04:14:30,049 distillation.py[line:38] INFO Epoch: 26 starts...
2026-06-16 04:14:54,722 distillation.py[line:59] INFO student_model ACC: 0.8696
2026-06-16 04:14:54,723 distillation.py[line:60] INFO student_model ASR: 0.8693
2026-06-16 04:14:54,723 distillation.py[line:38] INFO Epoch: 27 starts...
2026-06-16 04:15:19,381 distillation.py[line:59] INFO student_model ACC: 0.8722
2026-06-16 04:15:19,381 distillation.py[line:60] INFO student_model ASR: 0.9574
2026-06-16 04:15:19,381 distillation.py[line:38] INFO Epoch: 28 starts...
2026-06-16 04:15:44,069 distillation.py[line:59] INFO student_model ACC: 0.8647
2026-06-16 04:15:44,069 distillation.py[line:60] INFO student_model ASR: 0.8981
2026-06-16 04:15:44,069 distillation.py[line:38] INFO Epoch: 29 starts...
2026-06-16 04:16:08,741 distillation.py[line:59] INFO student_model ACC: 0.8788
2026-06-16 04:16:08,742 distillation.py[line:60] INFO student_model ASR: 0.9244
2026-06-16 04:16:08,742 distillation.py[line:38] INFO Epoch: 30 starts...
2026-06-16 04:16:33,413 distillation.py[line:59] INFO student_model ACC: 0.8772
2026-06-16 04:16:33,413 distillation.py[line:60] INFO student_model ASR: 0.9140
2026-06-16 04:16:33,413 distillation.py[line:38] INFO Epoch: 31 starts...
2026-06-16 04:16:58,084 distillation.py[line:59] INFO student_model ACC: 0.8689
2026-06-16 04:16:58,085 distillation.py[line:60] INFO student_model ASR: 0.8287
2026-06-16 04:16:58,085 distillation.py[line:38] INFO Epoch: 32 starts...
2026-06-16 04:17:22,776 distillation.py[line:59] INFO student_model ACC: 0.8583
2026-06-16 04:17:22,776 distillation.py[line:60] INFO student_model ASR: 0.9249
2026-06-16 04:17:22,776 distillation.py[line:38] INFO Epoch: 33 starts...
2026-06-16 04:17:47,405 distillation.py[line:59] INFO student_model ACC: 0.8707
2026-06-16 04:17:47,406 distillation.py[line:60] INFO student_model ASR: 0.8810
2026-06-16 04:17:47,406 distillation.py[line:38] INFO Epoch: 34 starts...
2026-06-16 04:18:12,070 distillation.py[line:59] INFO student_model ACC: 0.8742
2026-06-16 04:18:12,070 distillation.py[line:60] INFO student_model ASR: 0.8468
2026-06-16 04:18:12,070 distillation.py[line:38] INFO Epoch: 35 starts...
2026-06-16 04:18:36,698 distillation.py[line:59] INFO student_model ACC: 0.8747
2026-06-16 04:18:36,699 distillation.py[line:60] INFO student_model ASR: 0.9182
2026-06-16 04:18:36,699 distillation.py[line:38] INFO Epoch: 36 starts...
2026-06-16 04:19:01,378 distillation.py[line:59] INFO student_model ACC: 0.8820
2026-06-16 04:19:01,379 distillation.py[line:60] INFO student_model ASR: 0.8732
2026-06-16 04:19:01,379 distillation.py[line:38] INFO Epoch: 37 starts...
2026-06-16 04:19:26,053 distillation.py[line:59] INFO student_model ACC: 0.8805
2026-06-16 04:19:26,053 distillation.py[line:60] INFO student_model ASR: 0.8780
2026-06-16 04:19:26,054 distillation.py[line:38] INFO Epoch: 38 starts...
2026-06-16 04:19:50,695 distillation.py[line:59] INFO student_model ACC: 0.8785
2026-06-16 04:19:50,696 distillation.py[line:60] INFO student_model ASR: 0.9309
2026-06-16 04:19:50,696 distillation.py[line:38] INFO Epoch: 39 starts...
2026-06-16 04:20:15,360 distillation.py[line:59] INFO student_model ACC: 0.8841
2026-06-16 04:20:15,360 distillation.py[line:60] INFO student_model ASR: 0.8622
2026-06-16 04:20:15,360 distillation.py[line:38] INFO Epoch: 40 starts...
2026-06-16 04:20:40,012 distillation.py[line:59] INFO student_model ACC: 0.8857
2026-06-16 04:20:40,013 distillation.py[line:60] INFO student_model ASR: 0.8686
2026-06-16 04:20:40,013 distillation.py[line:38] INFO Epoch: 41 starts...
2026-06-16 04:21:04,643 distillation.py[line:59] INFO student_model ACC: 0.8816
2026-06-16 04:21:04,643 distillation.py[line:60] INFO student_model ASR: 0.9608
2026-06-16 04:21:04,643 distillation.py[line:38] INFO Epoch: 42 starts...
2026-06-16 04:21:29,333 distillation.py[line:59] INFO student_model ACC: 0.8832
2026-06-16 04:21:29,334 distillation.py[line:60] INFO student_model ASR: 0.8910
2026-06-16 04:21:29,334 distillation.py[line:38] INFO Epoch: 43 starts...
2026-06-16 04:21:53,996 distillation.py[line:59] INFO student_model ACC: 0.8786
2026-06-16 04:21:53,996 distillation.py[line:60] INFO student_model ASR: 0.9382
2026-06-16 04:21:53,996 distillation.py[line:38] INFO Epoch: 44 starts...
2026-06-16 04:22:18,652 distillation.py[line:59] INFO student_model ACC: 0.8865
2026-06-16 04:22:18,653 distillation.py[line:60] INFO student_model ASR: 0.8644
2026-06-16 04:22:18,653 distillation.py[line:38] INFO Epoch: 45 starts...
2026-06-16 04:22:43,302 distillation.py[line:59] INFO student_model ACC: 0.8814
2026-06-16 04:22:43,303 distillation.py[line:60] INFO student_model ASR: 0.9072
2026-06-16 04:22:43,303 distillation.py[line:38] INFO Epoch: 46 starts...
2026-06-16 04:23:07,981 distillation.py[line:59] INFO student_model ACC: 0.8829
2026-06-16 04:23:07,981 distillation.py[line:60] INFO student_model ASR: 0.9638
2026-06-16 04:23:07,981 distillation.py[line:38] INFO Epoch: 47 starts...
2026-06-16 04:23:32,644 distillation.py[line:59] INFO student_model ACC: 0.8811
2026-06-16 04:23:32,644 distillation.py[line:60] INFO student_model ASR: 0.9111
2026-06-16 04:23:32,644 distillation.py[line:38] INFO Epoch: 48 starts...
2026-06-16 04:23:57,301 distillation.py[line:59] INFO student_model ACC: 0.8846
2026-06-16 04:23:57,301 distillation.py[line:60] INFO student_model ASR: 0.9497
2026-06-16 04:23:57,301 distillation.py[line:38] INFO Epoch: 49 starts...
2026-06-16 04:24:21,941 distillation.py[line:59] INFO student_model ACC: 0.8941
2026-06-16 04:24:21,941 distillation.py[line:60] INFO student_model ASR: 0.8240
2026-06-16 04:24:21,941 distillation.py[line:38] INFO Epoch: 50 starts...
2026-06-16 04:24:46,585 distillation.py[line:59] INFO student_model ACC: 0.8862
2026-06-16 04:24:46,586 distillation.py[line:60] INFO student_model ASR: 0.9154
2026-06-16 04:24:46,586 distillation.py[line:38] INFO Epoch: 51 starts...
2026-06-16 04:25:11,273 distillation.py[line:59] INFO student_model ACC: 0.8885
2026-06-16 04:25:11,273 distillation.py[line:60] INFO student_model ASR: 0.8993
2026-06-16 04:25:11,273 distillation.py[line:38] INFO Epoch: 52 starts...
2026-06-16 04:25:35,944 distillation.py[line:59] INFO student_model ACC: 0.8795
2026-06-16 04:25:35,945 distillation.py[line:60] INFO student_model ASR: 0.7046
2026-06-16 04:25:35,946 distillation.py[line:38] INFO Epoch: 53 starts...
2026-06-16 04:26:00,622 distillation.py[line:59] INFO student_model ACC: 0.8848
2026-06-16 04:26:00,622 distillation.py[line:60] INFO student_model ASR: 0.7839
2026-06-16 04:26:00,622 distillation.py[line:38] INFO Epoch: 54 starts...
2026-06-16 04:26:25,263 distillation.py[line:59] INFO student_model ACC: 0.8868
2026-06-16 04:26:25,264 distillation.py[line:60] INFO student_model ASR: 0.8702
2026-06-16 04:26:25,264 distillation.py[line:38] INFO Epoch: 55 starts...
2026-06-16 04:26:49,902 distillation.py[line:59] INFO student_model ACC: 0.8852
2026-06-16 04:26:49,902 distillation.py[line:60] INFO student_model ASR: 0.8804
2026-06-16 04:26:49,903 distillation.py[line:38] INFO Epoch: 56 starts...
2026-06-16 04:27:14,548 distillation.py[line:59] INFO student_model ACC: 0.8886
2026-06-16 04:27:14,548 distillation.py[line:60] INFO student_model ASR: 0.8484
2026-06-16 04:27:14,548 distillation.py[line:38] INFO Epoch: 57 starts...
2026-06-16 04:27:39,163 distillation.py[line:59] INFO student_model ACC: 0.8877
2026-06-16 04:27:39,164 distillation.py[line:60] INFO student_model ASR: 0.9448
2026-06-16 04:27:39,164 distillation.py[line:38] INFO Epoch: 58 starts...
2026-06-16 04:28:03,768 distillation.py[line:59] INFO student_model ACC: 0.8900
2026-06-16 04:28:03,769 distillation.py[line:60] INFO student_model ASR: 0.8961
2026-06-16 04:28:03,769 distillation.py[line:38] INFO Epoch: 59 starts...
2026-06-16 04:28:28,429 distillation.py[line:59] INFO student_model ACC: 0.8880
2026-06-16 04:28:28,429 distillation.py[line:60] INFO student_model ASR: 0.9066
2026-06-16 04:28:28,429 distillation.py[line:38] INFO Epoch: 60 starts...
2026-06-16 04:28:53,020 distillation.py[line:59] INFO student_model ACC: 0.8886
2026-06-16 04:28:53,021 distillation.py[line:60] INFO student_model ASR: 0.9614
2026-06-16 04:28:53,021 distillation.py[line:38] INFO Epoch: 61 starts...
2026-06-16 04:29:17,643 distillation.py[line:59] INFO student_model ACC: 0.8888
2026-06-16 04:29:17,643 distillation.py[line:60] INFO student_model ASR: 0.8846
2026-06-16 04:29:17,643 distillation.py[line:38] INFO Epoch: 62 starts...
2026-06-16 04:29:42,255 distillation.py[line:59] INFO student_model ACC: 0.8843
2026-06-16 04:29:42,255 distillation.py[line:60] INFO student_model ASR: 0.8928
2026-06-16 04:29:42,255 distillation.py[line:38] INFO Epoch: 63 starts...
2026-06-16 04:30:06,859 distillation.py[line:59] INFO student_model ACC: 0.8938
2026-06-16 04:30:06,859 distillation.py[line:60] INFO student_model ASR: 0.8728
2026-06-16 04:30:06,859 distillation.py[line:38] INFO Epoch: 64 starts...
2026-06-16 04:30:31,503 distillation.py[line:59] INFO student_model ACC: 0.8911
2026-06-16 04:30:31,504 distillation.py[line:60] INFO student_model ASR: 0.8753
2026-06-16 04:30:31,504 distillation.py[line:38] INFO Epoch: 65 starts...
2026-06-16 04:30:56,158 distillation.py[line:59] INFO student_model ACC: 0.8898
2026-06-16 04:30:56,159 distillation.py[line:60] INFO student_model ASR: 0.8810
2026-06-16 04:30:56,159 distillation.py[line:38] INFO Epoch: 66 starts...
2026-06-16 04:31:20,824 distillation.py[line:59] INFO student_model ACC: 0.8860
2026-06-16 04:31:20,824 distillation.py[line:60] INFO student_model ASR: 0.8952
2026-06-16 04:31:20,824 distillation.py[line:38] INFO Epoch: 67 starts...
2026-06-16 04:31:45,493 distillation.py[line:59] INFO student_model ACC: 0.8927
2026-06-16 04:31:45,494 distillation.py[line:60] INFO student_model ASR: 0.9106
2026-06-16 04:31:45,494 distillation.py[line:38] INFO Epoch: 68 starts...
2026-06-16 04:32:10,155 distillation.py[line:59] INFO student_model ACC: 0.8935
2026-06-16 04:32:10,156 distillation.py[line:60] INFO student_model ASR: 0.8731
2026-06-16 04:32:10,156 distillation.py[line:38] INFO Epoch: 69 starts...
2026-06-16 04:32:34,810 distillation.py[line:59] INFO student_model ACC: 0.8930
2026-06-16 04:32:34,810 distillation.py[line:60] INFO student_model ASR: 0.9228
2026-06-16 04:32:34,810 distillation.py[line:38] INFO Epoch: 70 starts...
2026-06-16 04:32:59,467 distillation.py[line:59] INFO student_model ACC: 0.8906
2026-06-16 04:32:59,467 distillation.py[line:60] INFO student_model ASR: 0.9258
2026-06-16 04:32:59,467 distillation.py[line:38] INFO Epoch: 71 starts...
2026-06-16 04:33:24,151 distillation.py[line:59] INFO student_model ACC: 0.8914
2026-06-16 04:33:24,152 distillation.py[line:60] INFO student_model ASR: 0.8922
2026-06-16 04:33:24,152 distillation.py[line:38] INFO Epoch: 72 starts...
2026-06-16 04:33:48,754 distillation.py[line:59] INFO student_model ACC: 0.8940
2026-06-16 04:33:48,754 distillation.py[line:60] INFO student_model ASR: 0.9123
2026-06-16 04:33:48,754 distillation.py[line:38] INFO Epoch: 73 starts...
2026-06-16 04:34:13,367 distillation.py[line:59] INFO student_model ACC: 0.8895
2026-06-16 04:34:13,367 distillation.py[line:60] INFO student_model ASR: 0.9238
2026-06-16 04:34:13,367 distillation.py[line:38] INFO Epoch: 74 starts...
2026-06-16 04:34:38,018 distillation.py[line:59] INFO student_model ACC: 0.8982
2026-06-16 04:34:38,018 distillation.py[line:60] INFO student_model ASR: 0.9350
2026-06-16 04:34:38,018 distillation.py[line:38] INFO Epoch: 75 starts...
2026-06-16 04:35:02,629 distillation.py[line:59] INFO student_model ACC: 0.8880
2026-06-16 04:35:02,629 distillation.py[line:60] INFO student_model ASR: 0.8710
2026-06-16 04:35:02,629 distillation.py[line:38] INFO Epoch: 76 starts...
2026-06-16 04:35:27,263 distillation.py[line:59] INFO student_model ACC: 0.8922
2026-06-16 04:35:27,263 distillation.py[line:60] INFO student_model ASR: 0.9387
2026-06-16 04:35:27,263 distillation.py[line:38] INFO Epoch: 77 starts...
2026-06-16 04:35:51,912 distillation.py[line:59] INFO student_model ACC: 0.8921
2026-06-16 04:35:51,912 distillation.py[line:60] INFO student_model ASR: 0.8204
2026-06-16 04:35:51,912 distillation.py[line:38] INFO Epoch: 78 starts...
2026-06-16 04:36:16,566 distillation.py[line:59] INFO student_model ACC: 0.8852
2026-06-16 04:36:16,566 distillation.py[line:60] INFO student_model ASR: 0.9032
2026-06-16 04:36:16,566 distillation.py[line:38] INFO Epoch: 79 starts...
2026-06-16 04:36:41,185 distillation.py[line:59] INFO student_model ACC: 0.8908
2026-06-16 04:36:41,186 distillation.py[line:60] INFO student_model ASR: 0.8746
2026-06-16 04:36:41,186 distillation.py[line:38] INFO Epoch: 80 starts...
2026-06-16 04:37:05,805 distillation.py[line:59] INFO student_model ACC: 0.8910
2026-06-16 04:37:05,805 distillation.py[line:60] INFO student_model ASR: 0.8880
2026-06-16 04:37:05,805 distillation.py[line:38] INFO Epoch: 81 starts...
2026-06-16 04:37:30,447 distillation.py[line:59] INFO student_model ACC: 0.8935
2026-06-16 04:37:30,448 distillation.py[line:60] INFO student_model ASR: 0.9074
2026-06-16 04:37:30,448 distillation.py[line:38] INFO Epoch: 82 starts...
2026-06-16 04:37:55,128 distillation.py[line:59] INFO student_model ACC: 0.8931
2026-06-16 04:37:55,128 distillation.py[line:60] INFO student_model ASR: 0.9220
2026-06-16 04:37:55,128 distillation.py[line:38] INFO Epoch: 83 starts...
2026-06-16 04:38:19,760 distillation.py[line:59] INFO student_model ACC: 0.8958
2026-06-16 04:38:19,761 distillation.py[line:60] INFO student_model ASR: 0.8609
2026-06-16 04:38:19,761 distillation.py[line:38] INFO Epoch: 84 starts...
2026-06-16 04:38:44,383 distillation.py[line:59] INFO student_model ACC: 0.8954
2026-06-16 04:38:44,383 distillation.py[line:60] INFO student_model ASR: 0.9129
2026-06-16 04:38:44,383 distillation.py[line:38] INFO Epoch: 85 starts...
2026-06-16 04:39:09,001 distillation.py[line:59] INFO student_model ACC: 0.8981
2026-06-16 04:39:09,001 distillation.py[line:60] INFO student_model ASR: 0.9164
2026-06-16 04:39:09,001 distillation.py[line:38] INFO Epoch: 86 starts...
2026-06-16 04:39:33,665 distillation.py[line:59] INFO student_model ACC: 0.8925
2026-06-16 04:39:33,665 distillation.py[line:60] INFO student_model ASR: 0.8922
2026-06-16 04:39:33,666 distillation.py[line:38] INFO Epoch: 87 starts...
2026-06-16 04:39:58,294 distillation.py[line:59] INFO student_model ACC: 0.8904
2026-06-16 04:39:58,294 distillation.py[line:60] INFO student_model ASR: 0.9350
2026-06-16 04:39:58,294 distillation.py[line:38] INFO Epoch: 88 starts...
2026-06-16 04:40:22,927 distillation.py[line:59] INFO student_model ACC: 0.8898
2026-06-16 04:40:22,927 distillation.py[line:60] INFO student_model ASR: 0.8968
2026-06-16 04:40:22,927 distillation.py[line:38] INFO Epoch: 89 starts...
2026-06-16 04:40:47,590 distillation.py[line:59] INFO student_model ACC: 0.8926
2026-06-16 04:40:47,590 distillation.py[line:60] INFO student_model ASR: 0.9420
2026-06-16 04:40:47,590 distillation.py[line:38] INFO Epoch: 90 starts...
2026-06-16 04:41:12,219 distillation.py[line:59] INFO student_model ACC: 0.8979
2026-06-16 04:41:12,219 distillation.py[line:60] INFO student_model ASR: 0.9347
2026-06-16 04:41:12,219 distillation.py[line:38] INFO Epoch: 91 starts...
2026-06-16 04:41:36,855 distillation.py[line:59] INFO student_model ACC: 0.8901
2026-06-16 04:41:36,856 distillation.py[line:60] INFO student_model ASR: 0.8804
2026-06-16 04:41:36,856 distillation.py[line:38] INFO Epoch: 92 starts...
2026-06-16 04:42:01,518 distillation.py[line:59] INFO student_model ACC: 0.8974
2026-06-16 04:42:01,518 distillation.py[line:60] INFO student_model ASR: 0.8958
2026-06-16 04:42:01,518 distillation.py[line:38] INFO Epoch: 93 starts...
2026-06-16 04:42:26,134 distillation.py[line:59] INFO student_model ACC: 0.8985
2026-06-16 04:42:26,134 distillation.py[line:60] INFO student_model ASR: 0.9071
2026-06-16 04:42:26,134 distillation.py[line:38] INFO Epoch: 94 starts...
2026-06-16 04:42:50,749 distillation.py[line:59] INFO student_model ACC: 0.8967
2026-06-16 04:42:50,749 distillation.py[line:60] INFO student_model ASR: 0.9143
2026-06-16 04:42:50,749 distillation.py[line:38] INFO Epoch: 95 starts...
2026-06-16 04:43:15,393 distillation.py[line:59] INFO student_model ACC: 0.8969
2026-06-16 04:43:15,393 distillation.py[line:60] INFO student_model ASR: 0.8951
2026-06-16 04:43:15,393 distillation.py[line:38] INFO Epoch: 96 starts...
2026-06-16 04:43:39,982 distillation.py[line:59] INFO student_model ACC: 0.8962
2026-06-16 04:43:39,983 distillation.py[line:60] INFO student_model ASR: 0.8839
2026-06-16 04:43:39,983 distillation.py[line:38] INFO Epoch: 97 starts...
2026-06-16 04:44:04,636 distillation.py[line:59] INFO student_model ACC: 0.8943
2026-06-16 04:44:04,636 distillation.py[line:60] INFO student_model ASR: 0.8606
2026-06-16 04:44:04,636 distillation.py[line:38] INFO Epoch: 98 starts...
2026-06-16 04:44:29,259 distillation.py[line:59] INFO student_model ACC: 0.8961
2026-06-16 04:44:29,259 distillation.py[line:60] INFO student_model ASR: 0.8901
2026-06-16 04:44:29,260 distillation.py[line:38] INFO Epoch: 99 starts...
2026-06-16 04:44:53,919 distillation.py[line:59] INFO student_model ACC: 0.8984
2026-06-16 04:44:53,919 distillation.py[line:60] INFO student_model ASR: 0.8966
2026-06-16 04:44:53,919 distillation.py[line:38] INFO Epoch: 100 starts...
2026-06-16 04:45:18,576 distillation.py[line:59] INFO student_model ACC: 0.8987
2026-06-16 04:45:18,577 distillation.py[line:60] INFO student_model ASR: 0.8789
2026-06-16 04:45:18,577 distillation.py[line:38] INFO Epoch: 101 starts...
2026-06-16 04:45:43,206 distillation.py[line:59] INFO student_model ACC: 0.8992
2026-06-16 04:45:43,206 distillation.py[line:60] INFO student_model ASR: 0.7157
2026-06-16 04:45:43,206 distillation.py[line:38] INFO Epoch: 102 starts...
2026-06-16 04:46:07,859 distillation.py[line:59] INFO student_model ACC: 0.8960
2026-06-16 04:46:07,859 distillation.py[line:60] INFO student_model ASR: 0.8877
2026-06-16 04:46:07,859 distillation.py[line:38] INFO Epoch: 103 starts...
2026-06-16 04:46:32,503 distillation.py[line:59] INFO student_model ACC: 0.8995
2026-06-16 04:46:32,504 distillation.py[line:60] INFO student_model ASR: 0.8813
2026-06-16 04:46:32,504 distillation.py[line:38] INFO Epoch: 104 starts...
2026-06-16 04:46:57,137 distillation.py[line:59] INFO student_model ACC: 0.8987
2026-06-16 04:46:57,138 distillation.py[line:60] INFO student_model ASR: 0.8530
2026-06-16 04:46:57,138 distillation.py[line:38] INFO Epoch: 105 starts...
2026-06-16 04:47:21,757 distillation.py[line:59] INFO student_model ACC: 0.9002
2026-06-16 04:47:21,757 distillation.py[line:60] INFO student_model ASR: 0.9104
2026-06-16 04:47:21,758 distillation.py[line:38] INFO Epoch: 106 starts...
2026-06-16 04:47:46,394 distillation.py[line:59] INFO student_model ACC: 0.8945
2026-06-16 04:47:46,394 distillation.py[line:60] INFO student_model ASR: 0.8981
2026-06-16 04:47:46,394 distillation.py[line:38] INFO Epoch: 107 starts...
2026-06-16 04:48:11,018 distillation.py[line:59] INFO student_model ACC: 0.8972
2026-06-16 04:48:11,019 distillation.py[line:60] INFO student_model ASR: 0.8657
2026-06-16 04:48:11,019 distillation.py[line:38] INFO Epoch: 108 starts...
2026-06-16 04:48:35,630 distillation.py[line:59] INFO student_model ACC: 0.8979
2026-06-16 04:48:35,631 distillation.py[line:60] INFO student_model ASR: 0.9523
2026-06-16 04:48:35,631 distillation.py[line:38] INFO Epoch: 109 starts...
2026-06-16 04:49:00,253 distillation.py[line:59] INFO student_model ACC: 0.8982
2026-06-16 04:49:00,254 distillation.py[line:60] INFO student_model ASR: 0.8666
2026-06-16 04:49:00,254 distillation.py[line:38] INFO Epoch: 110 starts...
2026-06-16 04:49:24,890 distillation.py[line:59] INFO student_model ACC: 0.8986
2026-06-16 04:49:24,891 distillation.py[line:60] INFO student_model ASR: 0.8639
2026-06-16 04:49:24,891 distillation.py[line:38] INFO Epoch: 111 starts...
2026-06-16 04:49:49,488 distillation.py[line:59] INFO student_model ACC: 0.8947
2026-06-16 04:49:49,488 distillation.py[line:60] INFO student_model ASR: 0.9052
2026-06-16 04:49:49,488 distillation.py[line:38] INFO Epoch: 112 starts...
2026-06-16 04:50:14,115 distillation.py[line:59] INFO student_model ACC: 0.8970
2026-06-16 04:50:14,115 distillation.py[line:60] INFO student_model ASR: 0.9251
2026-06-16 04:50:14,116 distillation.py[line:38] INFO Epoch: 113 starts...
2026-06-16 04:50:38,723 distillation.py[line:59] INFO student_model ACC: 0.8987
2026-06-16 04:50:38,724 distillation.py[line:60] INFO student_model ASR: 0.8681
2026-06-16 04:50:38,724 distillation.py[line:38] INFO Epoch: 114 starts...
2026-06-16 04:51:03,406 distillation.py[line:59] INFO student_model ACC: 0.8965
2026-06-16 04:51:03,406 distillation.py[line:60] INFO student_model ASR: 0.8673
2026-06-16 04:51:03,406 distillation.py[line:38] INFO Epoch: 115 starts...
2026-06-16 04:51:28,083 distillation.py[line:59] INFO student_model ACC: 0.8995
2026-06-16 04:51:28,083 distillation.py[line:60] INFO student_model ASR: 0.8607
2026-06-16 04:51:28,083 distillation.py[line:38] INFO Epoch: 116 starts...
2026-06-16 04:51:52,789 distillation.py[line:59] INFO student_model ACC: 0.8965
2026-06-16 04:51:52,790 distillation.py[line:60] INFO student_model ASR: 0.8988
2026-06-16 04:51:52,790 distillation.py[line:38] INFO Epoch: 117 starts...
2026-06-16 04:52:17,462 distillation.py[line:59] INFO student_model ACC: 0.9026
2026-06-16 04:52:17,462 distillation.py[line:60] INFO student_model ASR: 0.8636
2026-06-16 04:52:17,462 distillation.py[line:38] INFO Epoch: 118 starts...
2026-06-16 04:52:42,104 distillation.py[line:59] INFO student_model ACC: 0.8983
2026-06-16 04:52:42,105 distillation.py[line:60] INFO student_model ASR: 0.8849
2026-06-16 04:52:42,105 distillation.py[line:38] INFO Epoch: 119 starts...
2026-06-16 04:53:06,764 distillation.py[line:59] INFO student_model ACC: 0.8964
2026-06-16 04:53:06,764 distillation.py[line:60] INFO student_model ASR: 0.8291
2026-06-16 04:53:06,764 distillation.py[line:38] INFO Epoch: 120 starts...
2026-06-16 04:53:31,395 distillation.py[line:59] INFO student_model ACC: 0.8986
2026-06-16 04:53:31,395 distillation.py[line:60] INFO student_model ASR: 0.9017
2026-06-16 04:53:31,395 distillation.py[line:38] INFO Epoch: 121 starts...
2026-06-16 04:53:56,018 distillation.py[line:59] INFO student_model ACC: 0.8962
2026-06-16 04:53:56,018 distillation.py[line:60] INFO student_model ASR: 0.8266
2026-06-16 04:53:56,018 distillation.py[line:38] INFO Epoch: 122 starts...
2026-06-16 04:54:20,644 distillation.py[line:59] INFO student_model ACC: 0.9008
2026-06-16 04:54:20,645 distillation.py[line:60] INFO student_model ASR: 0.8779
2026-06-16 04:54:20,645 distillation.py[line:38] INFO Epoch: 123 starts...
2026-06-16 04:54:45,322 distillation.py[line:59] INFO student_model ACC: 0.8948
2026-06-16 04:54:45,322 distillation.py[line:60] INFO student_model ASR: 0.7977
2026-06-16 04:54:45,322 distillation.py[line:38] INFO Epoch: 124 starts...
2026-06-16 04:55:09,974 distillation.py[line:59] INFO student_model ACC: 0.8986
2026-06-16 04:55:09,974 distillation.py[line:60] INFO student_model ASR: 0.8984
2026-06-16 04:55:09,974 distillation.py[line:38] INFO Epoch: 125 starts...
2026-06-16 04:55:34,614 distillation.py[line:59] INFO student_model ACC: 0.8952
2026-06-16 04:55:34,614 distillation.py[line:60] INFO student_model ASR: 0.8391
2026-06-16 04:55:34,614 distillation.py[line:38] INFO Epoch: 126 starts...
2026-06-16 04:55:59,239 distillation.py[line:59] INFO student_model ACC: 0.8965
2026-06-16 04:55:59,239 distillation.py[line:60] INFO student_model ASR: 0.8816
2026-06-16 04:55:59,239 distillation.py[line:38] INFO Epoch: 127 starts...
2026-06-16 04:56:23,879 distillation.py[line:59] INFO student_model ACC: 0.8986
2026-06-16 04:56:23,879 distillation.py[line:60] INFO student_model ASR: 0.7983
2026-06-16 04:56:23,880 distillation.py[line:38] INFO Epoch: 128 starts...
2026-06-16 04:56:48,490 distillation.py[line:59] INFO student_model ACC: 0.8955
2026-06-16 04:56:48,490 distillation.py[line:60] INFO student_model ASR: 0.8289
2026-06-16 04:56:48,490 distillation.py[line:38] INFO Epoch: 129 starts...
2026-06-16 04:57:13,142 distillation.py[line:59] INFO student_model ACC: 0.8994
2026-06-16 04:57:13,142 distillation.py[line:60] INFO student_model ASR: 0.8848
2026-06-16 04:57:13,142 distillation.py[line:38] INFO Epoch: 130 starts...
2026-06-16 04:57:37,794 distillation.py[line:59] INFO student_model ACC: 0.9001
2026-06-16 04:57:37,795 distillation.py[line:60] INFO student_model ASR: 0.7874
2026-06-16 04:57:37,795 distillation.py[line:38] INFO Epoch: 131 starts...
2026-06-16 04:58:02,440 distillation.py[line:59] INFO student_model ACC: 0.8996
2026-06-16 04:58:02,441 distillation.py[line:60] INFO student_model ASR: 0.8286
2026-06-16 04:58:02,441 distillation.py[line:38] INFO Epoch: 132 starts...
2026-06-16 04:58:27,045 distillation.py[line:59] INFO student_model ACC: 0.8980
2026-06-16 04:58:27,046 distillation.py[line:60] INFO student_model ASR: 0.8218
2026-06-16 04:58:27,046 distillation.py[line:38] INFO Epoch: 133 starts...
2026-06-16 04:58:51,687 distillation.py[line:59] INFO student_model ACC: 0.9032
2026-06-16 04:58:51,688 distillation.py[line:60] INFO student_model ASR: 0.8948
2026-06-16 04:58:51,688 distillation.py[line:38] INFO Epoch: 134 starts...
2026-06-16 04:59:16,324 distillation.py[line:59] INFO student_model ACC: 0.8990
2026-06-16 04:59:16,325 distillation.py[line:60] INFO student_model ASR: 0.8138
2026-06-16 04:59:16,325 distillation.py[line:38] INFO Epoch: 135 starts...
2026-06-16 04:59:40,943 distillation.py[line:59] INFO student_model ACC: 0.8987
2026-06-16 04:59:40,943 distillation.py[line:60] INFO student_model ASR: 0.8612
2026-06-16 04:59:40,943 distillation.py[line:38] INFO Epoch: 136 starts...
2026-06-16 05:00:05,595 distillation.py[line:59] INFO student_model ACC: 0.9004
2026-06-16 05:00:05,596 distillation.py[line:60] INFO student_model ASR: 0.9151
2026-06-16 05:00:05,596 distillation.py[line:38] INFO Epoch: 137 starts...
2026-06-16 05:00:30,237 distillation.py[line:59] INFO student_model ACC: 0.9004
2026-06-16 05:00:30,237 distillation.py[line:60] INFO student_model ASR: 0.8673
2026-06-16 05:00:30,237 distillation.py[line:38] INFO Epoch: 138 starts...
2026-06-16 05:00:54,880 distillation.py[line:59] INFO student_model ACC: 0.8997
2026-06-16 05:00:54,881 distillation.py[line:60] INFO student_model ASR: 0.8290
2026-06-16 05:00:54,881 distillation.py[line:38] INFO Epoch: 139 starts...
2026-06-16 05:01:19,497 distillation.py[line:59] INFO student_model ACC: 0.9032
2026-06-16 05:01:19,497 distillation.py[line:60] INFO student_model ASR: 0.7884
2026-06-16 05:01:19,497 distillation.py[line:38] INFO Epoch: 140 starts...
2026-06-16 05:01:44,171 distillation.py[line:59] INFO student_model ACC: 0.9036
2026-06-16 05:01:44,172 distillation.py[line:60] INFO student_model ASR: 0.8679
2026-06-16 05:01:44,172 distillation.py[line:38] INFO Epoch: 141 starts...
2026-06-16 05:02:08,838 distillation.py[line:59] INFO student_model ACC: 0.9015
2026-06-16 05:02:08,838 distillation.py[line:60] INFO student_model ASR: 0.8389
2026-06-16 05:02:08,838 distillation.py[line:38] INFO Epoch: 142 starts...
2026-06-16 05:02:33,431 distillation.py[line:59] INFO student_model ACC: 0.9017
2026-06-16 05:02:33,432 distillation.py[line:60] INFO student_model ASR: 0.8967
2026-06-16 05:02:33,432 distillation.py[line:38] INFO Epoch: 143 starts...
2026-06-16 05:02:58,060 distillation.py[line:59] INFO student_model ACC: 0.9000
2026-06-16 05:02:58,060 distillation.py[line:60] INFO student_model ASR: 0.8507
2026-06-16 05:02:58,060 distillation.py[line:38] INFO Epoch: 144 starts...
2026-06-16 05:03:22,693 distillation.py[line:59] INFO student_model ACC: 0.8984
2026-06-16 05:03:22,694 distillation.py[line:60] INFO student_model ASR: 0.8871
2026-06-16 05:03:22,694 distillation.py[line:38] INFO Epoch: 145 starts...
2026-06-16 05:03:47,329 distillation.py[line:59] INFO student_model ACC: 0.9034
2026-06-16 05:03:47,330 distillation.py[line:60] INFO student_model ASR: 0.8957
2026-06-16 05:03:47,330 distillation.py[line:38] INFO Epoch: 146 starts...
2026-06-16 05:04:11,959 distillation.py[line:59] INFO student_model ACC: 0.8997
2026-06-16 05:04:11,959 distillation.py[line:60] INFO student_model ASR: 0.8536
2026-06-16 05:04:11,959 distillation.py[line:38] INFO Epoch: 147 starts...
2026-06-16 05:04:36,539 distillation.py[line:59] INFO student_model ACC: 0.9035
2026-06-16 05:04:36,540 distillation.py[line:60] INFO student_model ASR: 0.9038
2026-06-16 05:04:36,540 distillation.py[line:38] INFO Epoch: 148 starts...
2026-06-16 05:05:01,153 distillation.py[line:59] INFO student_model ACC: 0.8993
2026-06-16 05:05:01,154 distillation.py[line:60] INFO student_model ASR: 0.8012
2026-06-16 05:05:01,154 distillation.py[line:38] INFO Epoch: 149 starts...
2026-06-16 05:05:25,770 distillation.py[line:59] INFO student_model ACC: 0.9012
2026-06-16 05:05:25,771 distillation.py[line:60] INFO student_model ASR: 0.8202
2026-06-16 05:05:25,771 distillation.py[line:38] INFO Epoch: 150 starts...
2026-06-16 05:05:50,376 distillation.py[line:59] INFO student_model ACC: 0.9008
2026-06-16 05:05:50,376 distillation.py[line:60] INFO student_model ASR: 0.8022
### WATCHDOG: ALL DONE at Tue Jun 16 05:05:51 UTC 2026 ###
