2026-06-04 11:51:57,316 utils.py[line:26] INFO Current log file is attack/cifar10/resnet50/resnet18/2026-06-04-1151.log
2026-06-04 11:51:57,316 SCAR.py[line:40] INFO gpu_id:0
2026-06-04 11:51:57,316 SCAR.py[line:40] INFO teacher_model:resnet50
2026-06-04 11:51:57,316 SCAR.py[line:40] INFO student_model:resnet18
2026-06-04 11:51:57,316 SCAR.py[line:40] INFO dataset:cifar10
2026-06-04 11:51:57,316 SCAR.py[line:40] INFO num_epochs:20
2026-06-04 11:51:57,316 SCAR.py[line:40] INFO inner_steps:8
2026-06-04 11:51:57,316 SCAR.py[line:40] INFO target_label:0
2026-06-04 11:51:57,317 SCAR.py[line:40] INFO batch_num:40
2026-06-04 11:51:57,317 SCAR.py[line:40] INFO batch_size:128
2026-06-04 11:51:57,317 SCAR.py[line:40] INFO K:40
2026-06-04 11:51:57,317 SCAR.py[line:40] INFO lr:0.001
2026-06-04 11:51:57,317 SCAR.py[line:40] INFO epsilon:0.1
2026-06-04 11:52:05,088 SCAR.py[line:72] INFO teacher_model ACC: 0.8603
2026-06-04 11:52:05,088 SCAR.py[line:73] INFO teacher_model ASR: 0.9621
2026-06-04 11:52:05,089 SCAR.py[line:82] INFO Epoch: 1 starts...
2026-06-04 11:52:05,167 SCAR.py[line:88] INFO Inner optimization ...
2026-06-04 11:55:08,017 SCAR.py[line:106] INFO Outer optimization ...
2026-06-04 11:57:50,897 SCAR.py[line:174] INFO Epoch [1/20], Batch [39/391]
2026-06-04 11:57:50,917 SCAR.py[line:175] INFO teacher_ce_clean: 1.8761, teacher_ce_poisoned: 1.8634
2026-06-04 11:57:50,918 SCAR.py[line:176] INFO student_ce_clean: 0.3908, student_ce_poisoned: 0.3302
2026-06-04 11:57:57,576 SCAR.py[line:182] INFO teacher_model ACC: 0.3390, teacher_model ASR: 0.0010
2026-06-04 11:57:57,576 SCAR.py[line:183] INFO student_model ACC: 0.8356, student_model ASR: 0.8873
2026-06-04 11:57:57,576 SCAR.py[line:82] INFO Epoch: 2 starts...
2026-06-04 11:57:57,654 SCAR.py[line:88] INFO Inner optimization ...
2026-06-04 12:01:00,756 SCAR.py[line:106] INFO Outer optimization ...
2026-06-04 12:03:43,058 SCAR.py[line:174] INFO Epoch [2/20], Batch [39/391]
2026-06-04 12:03:43,059 SCAR.py[line:175] INFO teacher_ce_clean: 1.5947, teacher_ce_poisoned: 1.6982
2026-06-04 12:03:43,059 SCAR.py[line:176] INFO student_ce_clean: 0.7976, student_ce_poisoned: 1.3344
2026-06-04 12:03:49,666 SCAR.py[line:182] INFO teacher_model ACC: 0.3509, teacher_model ASR: 0.0138
2026-06-04 12:03:49,666 SCAR.py[line:183] INFO student_model ACC: 0.7870, student_model ASR: 0.7194
2026-06-04 12:03:49,667 SCAR.py[line:82] INFO Epoch: 3 starts...
2026-06-04 12:03:49,726 SCAR.py[line:88] INFO Inner optimization ...
2026-06-04 12:06:52,144 SCAR.py[line:106] INFO Outer optimization ...
2026-06-04 12:09:34,366 SCAR.py[line:174] INFO Epoch [3/20], Batch [39/391]
2026-06-04 12:09:34,370 SCAR.py[line:175] INFO teacher_ce_clean: 1.4955, teacher_ce_poisoned: 1.5516
2026-06-04 12:09:34,370 SCAR.py[line:176] INFO student_ce_clean: 0.7941, student_ce_poisoned: 0.9013
2026-06-04 12:09:40,944 SCAR.py[line:182] INFO teacher_model ACC: 0.4212, teacher_model ASR: 0.0181
2026-06-04 12:09:40,944 SCAR.py[line:183] INFO student_model ACC: 0.7742, student_model ASR: 0.8762
2026-06-04 12:09:40,944 SCAR.py[line:82] INFO Epoch: 4 starts...
2026-06-04 12:09:41,003 SCAR.py[line:88] INFO Inner optimization ...
2026-06-04 12:12:43,140 SCAR.py[line:106] INFO Outer optimization ...
2026-06-04 12:15:25,225 SCAR.py[line:174] INFO Epoch [4/20], Batch [39/391]
2026-06-04 12:15:25,231 SCAR.py[line:175] INFO teacher_ce_clean: 1.5536, teacher_ce_poisoned: 1.6328
2026-06-04 12:15:25,231 SCAR.py[line:176] INFO student_ce_clean: 0.9082, student_ce_poisoned: 2.2821
2026-06-04 12:15:31,815 SCAR.py[line:182] INFO teacher_model ACC: 0.4455, teacher_model ASR: 0.0500
2026-06-04 12:15:31,815 SCAR.py[line:183] INFO student_model ACC: 0.7631, student_model ASR: 0.2317
2026-06-04 12:15:31,815 SCAR.py[line:82] INFO Epoch: 5 starts...
2026-06-04 12:15:31,874 SCAR.py[line:88] INFO Inner optimization ...
2026-06-04 12:18:33,878 SCAR.py[line:106] INFO Outer optimization ...
2026-06-04 12:21:16,117 SCAR.py[line:174] INFO Epoch [5/20], Batch [39/391]
2026-06-04 12:21:16,117 SCAR.py[line:175] INFO teacher_ce_clean: 1.3693, teacher_ce_poisoned: 1.4677
2026-06-04 12:21:16,117 SCAR.py[line:176] INFO student_ce_clean: 0.8145, student_ce_poisoned: 1.3054
2026-06-04 12:21:22,664 SCAR.py[line:182] INFO teacher_model ACC: 0.4356, teacher_model ASR: 0.0242
2026-06-04 12:21:22,664 SCAR.py[line:183] INFO student_model ACC: 0.7647, student_model ASR: 0.6233
2026-06-04 12:21:22,664 SCAR.py[line:82] INFO Epoch: 6 starts...
2026-06-04 12:21:22,723 SCAR.py[line:88] INFO Inner optimization ...
2026-06-04 12:24:25,064 SCAR.py[line:106] INFO Outer optimization ...
2026-06-04 12:27:08,385 SCAR.py[line:174] INFO Epoch [6/20], Batch [39/391]
2026-06-04 12:27:08,389 SCAR.py[line:175] INFO teacher_ce_clean: 1.4147, teacher_ce_poisoned: 1.4625
2026-06-04 12:27:08,389 SCAR.py[line:176] INFO student_ce_clean: 0.7040, student_ce_poisoned: 1.4053
2026-06-04 12:27:15,138 SCAR.py[line:182] INFO teacher_model ACC: 0.5054, teacher_model ASR: 0.0082
2026-06-04 12:27:15,139 SCAR.py[line:183] INFO student_model ACC: 0.7926, student_model ASR: 0.6146
2026-06-04 12:27:15,139 SCAR.py[line:82] INFO Epoch: 7 starts...
2026-06-04 12:27:15,198 SCAR.py[line:88] INFO Inner optimization ...
2026-06-04 12:30:18,017 SCAR.py[line:106] INFO Outer optimization ...
2026-06-04 12:33:00,936 SCAR.py[line:174] INFO Epoch [7/20], Batch [39/391]
2026-06-04 12:33:00,939 SCAR.py[line:175] INFO teacher_ce_clean: 1.2726, teacher_ce_poisoned: 1.2797
2026-06-04 12:33:00,939 SCAR.py[line:176] INFO student_ce_clean: 0.7814, student_ce_poisoned: 2.1140
2026-06-04 12:33:07,462 SCAR.py[line:182] INFO teacher_model ACC: 0.5072, teacher_model ASR: 0.0681
2026-06-04 12:33:07,463 SCAR.py[line:183] INFO student_model ACC: 0.7458, student_model ASR: 0.2797
2026-06-04 12:33:07,463 SCAR.py[line:82] INFO Epoch: 8 starts...
2026-06-04 12:33:07,522 SCAR.py[line:88] INFO Inner optimization ...
2026-06-04 12:36:09,906 SCAR.py[line:106] INFO Outer optimization ...
2026-06-04 12:38:51,924 SCAR.py[line:174] INFO Epoch [8/20], Batch [39/391]
2026-06-04 12:38:51,929 SCAR.py[line:175] INFO teacher_ce_clean: 1.0491, teacher_ce_poisoned: 1.1588
2026-06-04 12:38:51,929 SCAR.py[line:176] INFO student_ce_clean: 0.6822, student_ce_poisoned: 1.3006
2026-06-04 12:38:58,538 SCAR.py[line:182] INFO teacher_model ACC: 0.5601, teacher_model ASR: 0.0668
2026-06-04 12:38:58,539 SCAR.py[line:183] INFO student_model ACC: 0.7878, student_model ASR: 0.5789
2026-06-04 12:38:58,539 SCAR.py[line:82] INFO Epoch: 9 starts...
2026-06-04 12:38:58,598 SCAR.py[line:88] INFO Inner optimization ...
2026-06-04 12:42:01,701 SCAR.py[line:106] INFO Outer optimization ...
2026-06-04 12:44:44,108 SCAR.py[line:174] INFO Epoch [9/20], Batch [39/391]
2026-06-04 12:44:44,109 SCAR.py[line:175] INFO teacher_ce_clean: 1.2444, teacher_ce_poisoned: 1.3559
2026-06-04 12:44:44,109 SCAR.py[line:176] INFO student_ce_clean: 0.7026, student_ce_poisoned: 1.0947
2026-06-04 12:44:50,702 SCAR.py[line:182] INFO teacher_model ACC: 0.5137, teacher_model ASR: 0.0808
2026-06-04 12:44:50,702 SCAR.py[line:183] INFO student_model ACC: 0.7844, student_model ASR: 0.7403
2026-06-04 12:44:50,702 SCAR.py[line:82] INFO Epoch: 10 starts...
2026-06-04 12:44:50,761 SCAR.py[line:88] INFO Inner optimization ...
2026-06-04 12:47:54,338 SCAR.py[line:106] INFO Outer optimization ...
2026-06-04 12:50:36,912 SCAR.py[line:174] INFO Epoch [10/20], Batch [39/391]
2026-06-04 12:50:36,912 SCAR.py[line:175] INFO teacher_ce_clean: 1.0351, teacher_ce_poisoned: 1.2078
2026-06-04 12:50:36,912 SCAR.py[line:176] INFO student_ce_clean: 0.7105, student_ce_poisoned: 2.0035
2026-06-04 12:50:43,458 SCAR.py[line:182] INFO teacher_model ACC: 0.5534, teacher_model ASR: 0.0394
2026-06-04 12:50:43,458 SCAR.py[line:183] INFO student_model ACC: 0.7649, student_model ASR: 0.4217
2026-06-04 12:50:43,459 SCAR.py[line:82] INFO Epoch: 11 starts...
2026-06-04 12:50:43,518 SCAR.py[line:88] INFO Inner optimization ...
2026-06-04 12:53:46,035 SCAR.py[line:106] INFO Outer optimization ...
2026-06-04 12:56:28,284 SCAR.py[line:174] INFO Epoch [11/20], Batch [39/391]
2026-06-04 12:56:28,284 SCAR.py[line:175] INFO teacher_ce_clean: 1.0336, teacher_ce_poisoned: 1.1044
2026-06-04 12:56:28,284 SCAR.py[line:176] INFO student_ce_clean: 0.6800, student_ce_poisoned: 1.7129
2026-06-04 12:56:34,829 SCAR.py[line:182] INFO teacher_model ACC: 0.5725, teacher_model ASR: 0.0458
2026-06-04 12:56:34,830 SCAR.py[line:183] INFO student_model ACC: 0.7957, student_model ASR: 0.4731
2026-06-04 12:56:34,830 SCAR.py[line:82] INFO Epoch: 12 starts...
2026-06-04 12:56:34,890 SCAR.py[line:88] INFO Inner optimization ...
2026-06-04 12:59:37,608 SCAR.py[line:106] INFO Outer optimization ...
2026-06-04 13:02:20,056 SCAR.py[line:174] INFO Epoch [12/20], Batch [39/391]
2026-06-04 13:02:20,057 SCAR.py[line:175] INFO teacher_ce_clean: 1.1805, teacher_ce_poisoned: 1.2520
2026-06-04 13:02:20,057 SCAR.py[line:176] INFO student_ce_clean: 0.7052, student_ce_poisoned: 1.4096
2026-06-04 13:02:26,642 SCAR.py[line:182] INFO teacher_model ACC: 0.5985, teacher_model ASR: 0.0393
2026-06-04 13:02:26,642 SCAR.py[line:183] INFO student_model ACC: 0.7833, student_model ASR: 0.6123
2026-06-04 13:02:26,643 SCAR.py[line:82] INFO Epoch: 13 starts...
2026-06-04 13:02:26,702 SCAR.py[line:88] INFO Inner optimization ...
2026-06-04 13:05:29,744 SCAR.py[line:106] INFO Outer optimization ...
2026-06-04 13:08:12,195 SCAR.py[line:174] INFO Epoch [13/20], Batch [39/391]
2026-06-04 13:08:12,202 SCAR.py[line:175] INFO teacher_ce_clean: 0.9494, teacher_ce_poisoned: 1.0728
2026-06-04 13:08:12,202 SCAR.py[line:176] INFO student_ce_clean: 0.6269, student_ce_poisoned: 1.9244
2026-06-04 13:08:18,777 SCAR.py[line:182] INFO teacher_model ACC: 0.6202, teacher_model ASR: 0.0450
2026-06-04 13:08:18,777 SCAR.py[line:183] INFO student_model ACC: 0.7987, student_model ASR: 0.3912
2026-06-04 13:08:18,778 SCAR.py[line:82] INFO Epoch: 14 starts...
2026-06-04 13:08:18,837 SCAR.py[line:88] INFO Inner optimization ...
2026-06-04 13:11:22,386 SCAR.py[line:106] INFO Outer optimization ...
2026-06-04 13:14:04,498 SCAR.py[line:174] INFO Epoch [14/20], Batch [39/391]
2026-06-04 13:14:04,498 SCAR.py[line:175] INFO teacher_ce_clean: 0.9899, teacher_ce_poisoned: 1.1006
2026-06-04 13:14:04,498 SCAR.py[line:176] INFO student_ce_clean: 0.6963, student_ce_poisoned: 2.2369
2026-06-04 13:14:11,092 SCAR.py[line:182] INFO teacher_model ACC: 0.6646, teacher_model ASR: 0.0350
2026-06-04 13:14:11,092 SCAR.py[line:183] INFO student_model ACC: 0.7868, student_model ASR: 0.2584
2026-06-04 13:14:11,093 SCAR.py[line:82] INFO Epoch: 15 starts...
2026-06-04 13:14:11,152 SCAR.py[line:88] INFO Inner optimization ...
2026-06-04 13:17:14,822 SCAR.py[line:106] INFO Outer optimization ...
2026-06-04 13:19:57,489 SCAR.py[line:174] INFO Epoch [15/20], Batch [39/391]
2026-06-04 13:19:57,490 SCAR.py[line:175] INFO teacher_ce_clean: 0.9077, teacher_ce_poisoned: 0.9629
2026-06-04 13:19:57,490 SCAR.py[line:176] INFO student_ce_clean: 0.6119, student_ce_poisoned: 1.8688
2026-06-04 13:20:04,052 SCAR.py[line:182] INFO teacher_model ACC: 0.6749, teacher_model ASR: 0.0286
2026-06-04 13:20:04,053 SCAR.py[line:183] INFO student_model ACC: 0.7897, student_model ASR: 0.5213
2026-06-04 13:20:04,053 SCAR.py[line:82] INFO Epoch: 16 starts...
2026-06-04 13:20:04,112 SCAR.py[line:88] INFO Inner optimization ...
2026-06-04 13:23:08,956 SCAR.py[line:106] INFO Outer optimization ...
2026-06-04 13:25:52,940 SCAR.py[line:174] INFO Epoch [16/20], Batch [39/391]
2026-06-04 13:25:52,942 SCAR.py[line:175] INFO teacher_ce_clean: 0.8275, teacher_ce_poisoned: 0.9441
2026-06-04 13:25:52,942 SCAR.py[line:176] INFO student_ce_clean: 0.5768, student_ce_poisoned: 1.8759
2026-06-04 13:25:59,630 SCAR.py[line:182] INFO teacher_model ACC: 0.6802, teacher_model ASR: 0.0539
2026-06-04 13:25:59,630 SCAR.py[line:183] INFO student_model ACC: 0.7830, student_model ASR: 0.3727
2026-06-04 13:25:59,631 SCAR.py[line:82] INFO Epoch: 17 starts...
2026-06-04 13:25:59,690 SCAR.py[line:88] INFO Inner optimization ...
2026-06-04 13:29:03,482 SCAR.py[line:106] INFO Outer optimization ...
2026-06-04 13:31:46,099 SCAR.py[line:174] INFO Epoch [17/20], Batch [39/391]
2026-06-04 13:31:46,101 SCAR.py[line:175] INFO teacher_ce_clean: 0.9803, teacher_ce_poisoned: 1.0363
2026-06-04 13:31:46,101 SCAR.py[line:176] INFO student_ce_clean: 0.7529, student_ce_poisoned: 1.9287
2026-06-04 13:31:52,643 SCAR.py[line:182] INFO teacher_model ACC: 0.6973, teacher_model ASR: 0.0432
2026-06-04 13:31:52,643 SCAR.py[line:183] INFO student_model ACC: 0.8008, student_model ASR: 0.3561
2026-06-04 13:31:52,644 SCAR.py[line:82] INFO Epoch: 18 starts...
2026-06-04 13:31:52,703 SCAR.py[line:88] INFO Inner optimization ...
2026-06-04 13:34:55,651 SCAR.py[line:106] INFO Outer optimization ...
2026-06-04 13:37:37,672 SCAR.py[line:174] INFO Epoch [18/20], Batch [39/391]
2026-06-04 13:37:37,676 SCAR.py[line:175] INFO teacher_ce_clean: 0.7794, teacher_ce_poisoned: 0.8829
2026-06-04 13:37:37,676 SCAR.py[line:176] INFO student_ce_clean: 0.5623, student_ce_poisoned: 1.5761
2026-06-04 13:37:44,195 SCAR.py[line:182] INFO teacher_model ACC: 0.7019, teacher_model ASR: 0.0412
2026-06-04 13:37:44,195 SCAR.py[line:183] INFO student_model ACC: 0.7914, student_model ASR: 0.4931
2026-06-04 13:37:44,195 SCAR.py[line:82] INFO Epoch: 19 starts...
2026-06-04 13:37:44,254 SCAR.py[line:88] INFO Inner optimization ...
2026-06-04 13:40:47,549 SCAR.py[line:106] INFO Outer optimization ...
2026-06-04 13:43:30,260 SCAR.py[line:174] INFO Epoch [19/20], Batch [39/391]
2026-06-04 13:43:30,260 SCAR.py[line:175] INFO teacher_ce_clean: 0.8332, teacher_ce_poisoned: 0.8703
2026-06-04 13:43:30,261 SCAR.py[line:176] INFO student_ce_clean: 0.6125, student_ce_poisoned: 1.8903
2026-06-04 13:43:36,858 SCAR.py[line:182] INFO teacher_model ACC: 0.6996, teacher_model ASR: 0.0500
2026-06-04 13:43:36,859 SCAR.py[line:183] INFO student_model ACC: 0.7841, student_model ASR: 0.5101
2026-06-04 13:43:36,859 SCAR.py[line:82] INFO Epoch: 20 starts...
2026-06-04 13:43:36,918 SCAR.py[line:88] INFO Inner optimization ...
2026-06-04 13:46:40,580 SCAR.py[line:106] INFO Outer optimization ...
2026-06-04 13:49:22,913 SCAR.py[line:174] INFO Epoch [20/20], Batch [39/391]
2026-06-04 13:49:22,918 SCAR.py[line:175] INFO teacher_ce_clean: 0.8226, teacher_ce_poisoned: 0.8811
2026-06-04 13:49:22,918 SCAR.py[line:176] INFO student_ce_clean: 0.6294, student_ce_poisoned: 2.1360
2026-06-04 13:49:29,499 SCAR.py[line:182] INFO teacher_model ACC: 0.7072, teacher_model ASR: 0.0482
2026-06-04 13:49:29,500 SCAR.py[line:183] INFO student_model ACC: 0.7879, student_model ASR: 0.3349
2026-06-04 13:49:29,556 SCAR.py[line:188] INFO teacher_model: acc_0.7072_asr_0.0482.pth saved
2026-06-04 13:49:29,557 SCAR.py[line:193] INFO Completed training teacher_model!
