2026-06-04 11:17:31,382 utils.py[line:26] INFO Current log file is pretrain/cifar10/resnet50/2026-06-04-1117.log
2026-06-04 11:17:31,382 pretrain.py[line:115] INFO gpu_id:0
2026-06-04 11:17:31,382 pretrain.py[line:115] INFO teacher_model:resnet50
2026-06-04 11:17:31,382 pretrain.py[line:115] INFO student_model:resnet18
2026-06-04 11:17:31,382 pretrain.py[line:115] INFO dataset:cifar10
2026-06-04 11:17:31,382 pretrain.py[line:115] INFO target_label:0
2026-06-04 11:17:31,382 pretrain.py[line:115] INFO batch_size:256
2026-06-04 11:17:31,382 pretrain.py[line:115] INFO epsilon:0.1
2026-06-04 11:17:36,181 pretrain.py[line:129] INFO Begin to pre-train teacher_model!
2026-06-04 11:17:37,305 pretrain.py[line:42] INFO Epoch 0, Batch 0, Loss: 2.4872, Acc: 7.81%
2026-06-04 11:17:53,216 pretrain.py[line:42] INFO Epoch 0, Batch 100, Loss: 1.6584, Acc: 29.24%
2026-06-04 11:18:08,879 pretrain.py[line:42] INFO Epoch 1, Batch 0, Loss: 1.3449, Acc: 51.56%
2026-06-04 11:18:25,135 pretrain.py[line:42] INFO Epoch 1, Batch 100, Loss: 1.3088, Acc: 47.50%
2026-06-04 11:18:40,977 pretrain.py[line:42] INFO Epoch 2, Batch 0, Loss: 1.2012, Acc: 57.03%
2026-06-04 11:18:57,488 pretrain.py[line:42] INFO Epoch 2, Batch 100, Loss: 1.2434, Acc: 55.63%
2026-06-04 11:19:13,529 pretrain.py[line:42] INFO Epoch 3, Batch 0, Loss: 1.1972, Acc: 57.03%
2026-06-04 11:19:30,219 pretrain.py[line:42] INFO Epoch 3, Batch 100, Loss: 1.0173, Acc: 61.15%
2026-06-04 11:19:46,392 pretrain.py[line:42] INFO Epoch 4, Batch 0, Loss: 0.9800, Acc: 62.89%
2026-06-04 11:20:03,191 pretrain.py[line:42] INFO Epoch 4, Batch 100, Loss: 1.0134, Acc: 66.39%
2026-06-04 11:20:19,448 pretrain.py[line:42] INFO Epoch 5, Batch 0, Loss: 0.8339, Acc: 69.92%
2026-06-04 11:20:36,263 pretrain.py[line:42] INFO Epoch 5, Batch 100, Loss: 0.7912, Acc: 70.34%
2026-06-04 11:20:52,478 pretrain.py[line:42] INFO Epoch 6, Batch 0, Loss: 0.6540, Acc: 76.56%
2026-06-04 11:21:09,269 pretrain.py[line:42] INFO Epoch 6, Batch 100, Loss: 0.8347, Acc: 73.86%
2026-06-04 11:21:25,505 pretrain.py[line:42] INFO Epoch 7, Batch 0, Loss: 0.7075, Acc: 73.44%
2026-06-04 11:21:42,326 pretrain.py[line:42] INFO Epoch 7, Batch 100, Loss: 0.7015, Acc: 76.00%
2026-06-04 11:21:58,601 pretrain.py[line:42] INFO Epoch 8, Batch 0, Loss: 0.7086, Acc: 73.05%
2026-06-04 11:22:15,489 pretrain.py[line:42] INFO Epoch 8, Batch 100, Loss: 0.6343, Acc: 78.33%
2026-06-04 11:22:31,812 pretrain.py[line:42] INFO Epoch 9, Batch 0, Loss: 0.6725, Acc: 75.78%
2026-06-04 11:22:48,674 pretrain.py[line:42] INFO Epoch 9, Batch 100, Loss: 0.5739, Acc: 80.10%
2026-06-04 11:23:06,955 pretrain.py[line:48] INFO Epoch 9, teacher_model ACC: 0.7497
2026-06-04 11:23:07,287 pretrain.py[line:42] INFO Epoch 10, Batch 0, Loss: 0.4917, Acc: 82.81%
2026-06-04 11:23:24,112 pretrain.py[line:42] INFO Epoch 10, Batch 100, Loss: 0.4781, Acc: 81.87%
2026-06-04 11:23:40,376 pretrain.py[line:42] INFO Epoch 11, Batch 0, Loss: 0.5232, Acc: 79.69%
2026-06-04 11:23:57,231 pretrain.py[line:42] INFO Epoch 11, Batch 100, Loss: 0.4548, Acc: 83.67%
2026-06-04 11:24:13,475 pretrain.py[line:42] INFO Epoch 12, Batch 0, Loss: 0.3565, Acc: 87.11%
2026-06-04 11:24:30,314 pretrain.py[line:42] INFO Epoch 12, Batch 100, Loss: 0.4337, Acc: 85.07%
2026-06-04 11:24:46,575 pretrain.py[line:42] INFO Epoch 13, Batch 0, Loss: 0.3947, Acc: 84.77%
2026-06-04 11:25:03,357 pretrain.py[line:42] INFO Epoch 13, Batch 100, Loss: 0.3891, Acc: 86.55%
2026-06-04 11:25:19,578 pretrain.py[line:42] INFO Epoch 14, Batch 0, Loss: 0.3058, Acc: 89.06%
2026-06-04 11:25:36,437 pretrain.py[line:42] INFO Epoch 14, Batch 100, Loss: 0.3122, Acc: 87.91%
2026-06-04 11:25:52,694 pretrain.py[line:42] INFO Epoch 15, Batch 0, Loss: 0.3527, Acc: 88.28%
2026-06-04 11:26:09,560 pretrain.py[line:42] INFO Epoch 15, Batch 100, Loss: 0.3710, Acc: 88.77%
2026-06-04 11:26:25,811 pretrain.py[line:42] INFO Epoch 16, Batch 0, Loss: 0.2092, Acc: 92.19%
2026-06-04 11:26:42,630 pretrain.py[line:42] INFO Epoch 16, Batch 100, Loss: 0.3741, Acc: 90.42%
2026-06-04 11:26:58,866 pretrain.py[line:42] INFO Epoch 17, Batch 0, Loss: 0.3029, Acc: 90.62%
2026-06-04 11:27:15,710 pretrain.py[line:42] INFO Epoch 17, Batch 100, Loss: 0.2244, Acc: 91.17%
2026-06-04 11:27:31,963 pretrain.py[line:42] INFO Epoch 18, Batch 0, Loss: 0.1854, Acc: 92.58%
2026-06-04 11:27:48,779 pretrain.py[line:42] INFO Epoch 18, Batch 100, Loss: 0.2411, Acc: 92.06%
2026-06-04 11:28:05,023 pretrain.py[line:42] INFO Epoch 19, Batch 0, Loss: 0.2102, Acc: 92.58%
2026-06-04 11:28:21,842 pretrain.py[line:42] INFO Epoch 19, Batch 100, Loss: 0.1681, Acc: 93.25%
2026-06-04 11:28:40,052 pretrain.py[line:48] INFO Epoch 19, teacher_model ACC: 0.8398
2026-06-04 11:28:40,384 pretrain.py[line:42] INFO Epoch 20, Batch 0, Loss: 0.1794, Acc: 92.97%
2026-06-04 11:28:57,190 pretrain.py[line:42] INFO Epoch 20, Batch 100, Loss: 0.1090, Acc: 93.73%
2026-06-04 11:29:13,778 pretrain.py[line:42] INFO Epoch 21, Batch 0, Loss: 0.1738, Acc: 93.36%
2026-06-04 11:29:31,029 pretrain.py[line:42] INFO Epoch 21, Batch 100, Loss: 0.1635, Acc: 94.67%
2026-06-04 11:29:47,662 pretrain.py[line:42] INFO Epoch 22, Batch 0, Loss: 0.1206, Acc: 94.53%
2026-06-04 11:30:04,882 pretrain.py[line:42] INFO Epoch 22, Batch 100, Loss: 0.1297, Acc: 95.25%
2026-06-04 11:30:21,456 pretrain.py[line:42] INFO Epoch 23, Batch 0, Loss: 0.0782, Acc: 97.66%
2026-06-04 11:30:38,612 pretrain.py[line:42] INFO Epoch 23, Batch 100, Loss: 0.0903, Acc: 95.97%
2026-06-04 11:30:55,171 pretrain.py[line:42] INFO Epoch 24, Batch 0, Loss: 0.1205, Acc: 98.05%
2026-06-04 11:31:12,300 pretrain.py[line:42] INFO Epoch 24, Batch 100, Loss: 0.0831, Acc: 96.52%
2026-06-04 11:31:28,839 pretrain.py[line:42] INFO Epoch 25, Batch 0, Loss: 0.0646, Acc: 98.44%
2026-06-04 11:31:45,916 pretrain.py[line:42] INFO Epoch 25, Batch 100, Loss: 0.1068, Acc: 96.97%
2026-06-04 11:32:02,359 pretrain.py[line:42] INFO Epoch 26, Batch 0, Loss: 0.0620, Acc: 98.05%
2026-06-04 11:32:19,349 pretrain.py[line:42] INFO Epoch 26, Batch 100, Loss: 0.1020, Acc: 97.18%
2026-06-04 11:32:35,704 pretrain.py[line:42] INFO Epoch 27, Batch 0, Loss: 0.0830, Acc: 97.66%
2026-06-04 11:32:52,589 pretrain.py[line:42] INFO Epoch 27, Batch 100, Loss: 0.1082, Acc: 97.25%
2026-06-04 11:33:08,889 pretrain.py[line:42] INFO Epoch 28, Batch 0, Loss: 0.0764, Acc: 98.05%
2026-06-04 11:33:25,762 pretrain.py[line:42] INFO Epoch 28, Batch 100, Loss: 0.0998, Acc: 97.38%
2026-06-04 11:33:42,072 pretrain.py[line:42] INFO Epoch 29, Batch 0, Loss: 0.0679, Acc: 97.27%
2026-06-04 11:33:58,984 pretrain.py[line:42] INFO Epoch 29, Batch 100, Loss: 0.0588, Acc: 97.72%
2026-06-04 11:34:17,316 pretrain.py[line:48] INFO Epoch 29, teacher_model ACC: 0.8602
2026-06-04 11:34:17,388 pretrain.py[line:51] INFO Finished training teacher_model and saved!
2026-06-04 11:34:19,705 pretrain.py[line:135] INFO teacher_model ACC: 0.8602
2026-06-04 11:34:19,705 pretrain.py[line:144] INFO Begin to pre-train student_model!
2026-06-04 11:34:20,123 pretrain.py[line:85] INFO Epoch 0, Batch 0, Loss: 4.7652, Acc: 11.72%
2026-06-04 11:34:31,087 pretrain.py[line:85] INFO Epoch 0, Batch 100, Loss: 3.1303, Acc: 35.78%
2026-06-04 11:34:41,751 pretrain.py[line:85] INFO Epoch 1, Batch 0, Loss: 2.4955, Acc: 53.12%
2026-06-04 11:34:52,668 pretrain.py[line:85] INFO Epoch 1, Batch 100, Loss: 1.9537, Acc: 60.35%
2026-06-04 11:35:03,306 pretrain.py[line:85] INFO Epoch 2, Batch 0, Loss: 1.7333, Acc: 64.45%
2026-06-04 11:35:14,226 pretrain.py[line:85] INFO Epoch 2, Batch 100, Loss: 1.4950, Acc: 70.39%
2026-06-04 11:35:24,831 pretrain.py[line:85] INFO Epoch 3, Batch 0, Loss: 1.2184, Acc: 78.52%
2026-06-04 11:35:35,721 pretrain.py[line:85] INFO Epoch 3, Batch 100, Loss: 0.9651, Acc: 77.40%
2026-06-04 11:35:46,380 pretrain.py[line:85] INFO Epoch 4, Batch 0, Loss: 1.1593, Acc: 79.69%
2026-06-04 11:35:57,293 pretrain.py[line:85] INFO Epoch 4, Batch 100, Loss: 0.9131, Acc: 80.86%
2026-06-04 11:36:07,965 pretrain.py[line:85] INFO Epoch 5, Batch 0, Loss: 0.7644, Acc: 87.50%
2026-06-04 11:36:18,859 pretrain.py[line:85] INFO Epoch 5, Batch 100, Loss: 0.7296, Acc: 83.73%
2026-06-04 11:36:29,475 pretrain.py[line:85] INFO Epoch 6, Batch 0, Loss: 0.7263, Acc: 86.72%
2026-06-04 11:36:40,369 pretrain.py[line:85] INFO Epoch 6, Batch 100, Loss: 0.7203, Acc: 86.00%
2026-06-04 11:36:51,035 pretrain.py[line:85] INFO Epoch 7, Batch 0, Loss: 0.7401, Acc: 87.11%
2026-06-04 11:37:01,941 pretrain.py[line:85] INFO Epoch 7, Batch 100, Loss: 0.5495, Acc: 87.69%
2026-06-04 11:37:12,586 pretrain.py[line:85] INFO Epoch 8, Batch 0, Loss: 0.6086, Acc: 84.77%
2026-06-04 11:37:23,490 pretrain.py[line:85] INFO Epoch 8, Batch 100, Loss: 0.4552, Acc: 89.26%
2026-06-04 11:37:34,123 pretrain.py[line:85] INFO Epoch 9, Batch 0, Loss: 0.4538, Acc: 91.02%
2026-06-04 11:37:45,008 pretrain.py[line:85] INFO Epoch 9, Batch 100, Loss: 0.4734, Acc: 90.73%
2026-06-04 11:37:56,195 pretrain.py[line:91] INFO Epoch 9, student_model ACC: 0.8619
2026-06-04 11:37:56,499 pretrain.py[line:85] INFO Epoch 10, Batch 0, Loss: 0.5110, Acc: 90.62%
2026-06-04 11:38:07,316 pretrain.py[line:85] INFO Epoch 10, Batch 100, Loss: 0.2351, Acc: 91.97%
2026-06-04 11:38:17,865 pretrain.py[line:85] INFO Epoch 11, Batch 0, Loss: 0.4741, Acc: 90.23%
2026-06-04 11:38:28,699 pretrain.py[line:85] INFO Epoch 11, Batch 100, Loss: 0.4221, Acc: 92.77%
2026-06-04 11:38:39,277 pretrain.py[line:85] INFO Epoch 12, Batch 0, Loss: 0.3640, Acc: 92.58%
2026-06-04 11:38:50,135 pretrain.py[line:85] INFO Epoch 12, Batch 100, Loss: 0.3931, Acc: 93.87%
2026-06-04 11:39:00,734 pretrain.py[line:85] INFO Epoch 13, Batch 0, Loss: 0.3059, Acc: 94.14%
2026-06-04 11:39:11,617 pretrain.py[line:85] INFO Epoch 13, Batch 100, Loss: 0.3398, Acc: 94.52%
2026-06-04 11:39:22,197 pretrain.py[line:85] INFO Epoch 14, Batch 0, Loss: 0.3337, Acc: 94.53%
2026-06-04 11:39:33,051 pretrain.py[line:85] INFO Epoch 14, Batch 100, Loss: 0.3114, Acc: 94.71%
2026-06-04 11:39:43,371 pretrain.py[line:94] INFO student_model Saved
2026-06-04 11:39:44,209 pretrain.py[line:150] INFO student_model ACC: 0.9028
2026-06-04 11:39:44,210 pretrain.py[line:162] INFO Poisoner epoch: 1 starts...
2026-06-04 11:40:31,173 pretrain.py[line:184] INFO teacher_model ACC: 0.8602
2026-06-04 11:40:31,174 pretrain.py[line:185] INFO teacher_model ASR: 0.9251
2026-06-04 11:40:32,872 pretrain.py[line:188] INFO student_model ACC: 0.9028
2026-06-04 11:40:32,873 pretrain.py[line:189] INFO student_model ASR: 0.9923
2026-06-04 11:40:32,873 pretrain.py[line:162] INFO Poisoner epoch: 2 starts...
2026-06-04 11:41:19,779 pretrain.py[line:184] INFO teacher_model ACC: 0.8602
2026-06-04 11:41:19,779 pretrain.py[line:185] INFO teacher_model ASR: 0.9434
2026-06-04 11:41:21,450 pretrain.py[line:188] INFO student_model ACC: 0.9028
2026-06-04 11:41:21,450 pretrain.py[line:189] INFO student_model ASR: 0.9927
2026-06-04 11:41:21,450 pretrain.py[line:162] INFO Poisoner epoch: 3 starts...
2026-06-04 11:42:08,477 pretrain.py[line:184] INFO teacher_model ACC: 0.8602
2026-06-04 11:42:08,477 pretrain.py[line:185] INFO teacher_model ASR: 0.9471
2026-06-04 11:42:10,172 pretrain.py[line:188] INFO student_model ACC: 0.9028
2026-06-04 11:42:10,172 pretrain.py[line:189] INFO student_model ASR: 0.9932
2026-06-04 11:42:10,172 pretrain.py[line:162] INFO Poisoner epoch: 4 starts...
2026-06-04 11:42:57,103 pretrain.py[line:184] INFO teacher_model ACC: 0.8602
2026-06-04 11:42:57,103 pretrain.py[line:185] INFO teacher_model ASR: 0.9516
2026-06-04 11:42:58,775 pretrain.py[line:188] INFO student_model ACC: 0.9028
2026-06-04 11:42:58,775 pretrain.py[line:189] INFO student_model ASR: 0.9931
2026-06-04 11:42:58,776 pretrain.py[line:162] INFO Poisoner epoch: 5 starts...
2026-06-04 11:43:45,759 pretrain.py[line:184] INFO teacher_model ACC: 0.8602
2026-06-04 11:43:45,759 pretrain.py[line:185] INFO teacher_model ASR: 0.9543
2026-06-04 11:43:47,454 pretrain.py[line:188] INFO student_model ACC: 0.9028
2026-06-04 11:43:47,454 pretrain.py[line:189] INFO student_model ASR: 0.9936
2026-06-04 11:43:47,454 pretrain.py[line:162] INFO Poisoner epoch: 6 starts...
2026-06-04 11:44:34,480 pretrain.py[line:184] INFO teacher_model ACC: 0.8602
2026-06-04 11:44:34,480 pretrain.py[line:185] INFO teacher_model ASR: 0.9571
2026-06-04 11:44:36,174 pretrain.py[line:188] INFO student_model ACC: 0.9028
2026-06-04 11:44:36,175 pretrain.py[line:189] INFO student_model ASR: 0.9937
2026-06-04 11:44:36,175 pretrain.py[line:162] INFO Poisoner epoch: 7 starts...
2026-06-04 11:45:23,134 pretrain.py[line:184] INFO teacher_model ACC: 0.8602
2026-06-04 11:45:23,134 pretrain.py[line:185] INFO teacher_model ASR: 0.9574
2026-06-04 11:45:24,780 pretrain.py[line:188] INFO student_model ACC: 0.9028
2026-06-04 11:45:24,781 pretrain.py[line:189] INFO student_model ASR: 0.9944
2026-06-04 11:45:24,781 pretrain.py[line:162] INFO Poisoner epoch: 8 starts...
2026-06-04 11:46:11,778 pretrain.py[line:184] INFO teacher_model ACC: 0.8602
2026-06-04 11:46:11,778 pretrain.py[line:185] INFO teacher_model ASR: 0.9579
2026-06-04 11:46:13,468 pretrain.py[line:188] INFO student_model ACC: 0.9028
2026-06-04 11:46:13,468 pretrain.py[line:189] INFO student_model ASR: 0.9939
2026-06-04 11:46:13,468 pretrain.py[line:162] INFO Poisoner epoch: 9 starts...
2026-06-04 11:47:00,461 pretrain.py[line:184] INFO teacher_model ACC: 0.8602
2026-06-04 11:47:00,461 pretrain.py[line:185] INFO teacher_model ASR: 0.9589
2026-06-04 11:47:02,175 pretrain.py[line:188] INFO student_model ACC: 0.9028
2026-06-04 11:47:02,175 pretrain.py[line:189] INFO student_model ASR: 0.9943
2026-06-04 11:47:02,176 pretrain.py[line:162] INFO Poisoner epoch: 10 starts...
2026-06-04 11:47:49,257 pretrain.py[line:184] INFO teacher_model ACC: 0.8602
2026-06-04 11:47:49,257 pretrain.py[line:185] INFO teacher_model ASR: 0.9597
2026-06-04 11:47:50,946 pretrain.py[line:188] INFO student_model ACC: 0.9028
2026-06-04 11:47:50,946 pretrain.py[line:189] INFO student_model ASR: 0.9943
2026-06-04 11:47:50,946 pretrain.py[line:162] INFO Poisoner epoch: 11 starts...
2026-06-04 11:48:37,941 pretrain.py[line:184] INFO teacher_model ACC: 0.8602
2026-06-04 11:48:37,941 pretrain.py[line:185] INFO teacher_model ASR: 0.9614
2026-06-04 11:48:39,641 pretrain.py[line:188] INFO student_model ACC: 0.9028
2026-06-04 11:48:39,641 pretrain.py[line:189] INFO student_model ASR: 0.9942
2026-06-04 11:48:39,641 pretrain.py[line:162] INFO Poisoner epoch: 12 starts...
2026-06-04 11:49:26,642 pretrain.py[line:184] INFO teacher_model ACC: 0.8602
2026-06-04 11:49:26,642 pretrain.py[line:185] INFO teacher_model ASR: 0.9611
2026-06-04 11:49:28,304 pretrain.py[line:188] INFO student_model ACC: 0.9028
2026-06-04 11:49:28,305 pretrain.py[line:189] INFO student_model ASR: 0.9948
2026-06-04 11:49:28,305 pretrain.py[line:162] INFO Poisoner epoch: 13 starts...
2026-06-04 11:50:15,471 pretrain.py[line:184] INFO teacher_model ACC: 0.8602
2026-06-04 11:50:15,471 pretrain.py[line:185] INFO teacher_model ASR: 0.9613
2026-06-04 11:50:17,150 pretrain.py[line:188] INFO student_model ACC: 0.9028
2026-06-04 11:50:17,150 pretrain.py[line:189] INFO student_model ASR: 0.9948
2026-06-04 11:50:17,150 pretrain.py[line:162] INFO Poisoner epoch: 14 starts...
2026-06-04 11:51:04,171 pretrain.py[line:184] INFO teacher_model ACC: 0.8602
2026-06-04 11:51:04,171 pretrain.py[line:185] INFO teacher_model ASR: 0.9621
2026-06-04 11:51:05,862 pretrain.py[line:188] INFO student_model ACC: 0.9028
2026-06-04 11:51:05,863 pretrain.py[line:189] INFO student_model ASR: 0.9947
2026-06-04 11:51:05,863 pretrain.py[line:162] INFO Poisoner epoch: 15 starts...
2026-06-04 11:51:52,842 pretrain.py[line:184] INFO teacher_model ACC: 0.8602
2026-06-04 11:51:52,842 pretrain.py[line:185] INFO teacher_model ASR: 0.9621
2026-06-04 11:51:54,497 pretrain.py[line:188] INFO student_model ACC: 0.9028
2026-06-04 11:51:54,498 pretrain.py[line:189] INFO student_model ASR: 0.9947
2026-06-04 11:51:54,498 pretrain.py[line:197] INFO poisoner_0.1 Saved
