############ TEACHER REPRODUCTION RUN ############
  arch=resnet50  epochs=30  device=cuda  window=200  data=FULL
  alphas=0,0.25,0.5,0.75,1.0  poison_rate=0.1  target=0  seed=0
  started: Mon Aug 31 12:19:44 UTC 2026
  GPU: NVIDIA GeForce RTX 3090
  REFERENCE (Chapter 5, run of 2026-08-25, teacher not preserved):
    clean teacher ACC        0.8632
    clean-teacher trigger ASR 0.0152
    detector a=0.5  AUC 0.9974  TPR@5%FPR 0.99   (max_class_excess)
    detector a=0.25 AUC 0.6102  TPR@5%FPR 0.1333 (mean_prob_kl)
    detector a=0    AUC ~0.50 across all signals (control)
##################################################

>>> [1/3] training clean resnet50 teacher (full CIFAR-10, 30 ep)...
/usr/local/lib/python3.12/dist-packages/timm/models/layers/__init__.py:49: FutureWarning: Importing from timm.models.layers is deprecated, please import via timm.layers
  warnings.warn(f"Importing from {__name__} is deprecated, please import via timm.layers", FutureWarning)
=== Training a CLEAN teacher (no trigger, no poison, no hijack) ===
  model=resnet50  n_train=full  epochs=30  device=cuda
  epoch 1/30  loss=1.5614  (37s)
  epoch 2/30  loss=1.0338  (37s)
  epoch 3/30  loss=0.7935  (37s)
  epoch 4/30  loss=0.6429  (37s)
  epoch 5/30  loss=0.5212  (37s)
  epoch 6/30  loss=0.4282  (37s)
  epoch 7/30  loss=0.3477  (37s)
  epoch 8/30  loss=0.2782  (37s)
  epoch 9/30  loss=0.2161  (37s)
  epoch 10/30  loss=0.1666  (37s)
  epoch 11/30  loss=0.1102  (37s)
  epoch 12/30  loss=0.1080  (37s)
  epoch 13/30  loss=0.0995  (37s)
  epoch 14/30  loss=0.0400  (37s)
  epoch 15/30  loss=0.0268  (37s)
  epoch 16/30  loss=0.0261  (37s)
  epoch 17/30  loss=0.0226  (37s)
  epoch 18/30  loss=0.0112  (37s)
  epoch 19/30  loss=0.0100  (37s)
  epoch 20/30  loss=0.0066  (37s)
  epoch 21/30  loss=0.0024  (37s)
  epoch 22/30  loss=0.0027  (37s)
  epoch 23/30  loss=0.0011  (37s)
  epoch 24/30  loss=0.0004  (37s)
  epoch 25/30  loss=0.0002  (37s)
  epoch 26/30  loss=0.0001  (37s)
  epoch 27/30  loss=0.0001  (37s)
  epoch 28/30  loss=0.0001  (37s)
  epoch 29/30  loss=0.0001  (37s)
  epoch 30/30  loss=0.0001  (38s)
  clean teacher ACC = 0.8649
  saved -> checkpoints/clean_teacher_resnet50.pth

Next: python calibrate_and_eval.py  (builds the detector's clean baseline)

>>> [2/3] detector evaluation on the new teacher...
/usr/local/lib/python3.12/dist-packages/timm/models/layers/__init__.py:49: FutureWarning: Importing from timm.models.layers is deprecated, please import via timm.layers
  warnings.warn(f"Importing from {__name__} is deprecated, please import via timm.layers", FutureWarning)
=== Teacher-side runtime detector — evaluation ===
  teacher=/workspace/msc/My_Work/05_Implementation/runtime_attack/checkpoints/clean_teacher_resnet50.pth  rule=soft  poison_rate=0.1  window=200
  calibration images=5000  evaluation images=5000
  calibrated: mean entropy=0.070  mean confidence=0.972
  20/200 queries per attacked window are hijacked
  alpha=0.0   | windowed AUC=0.502 (max_class_excess) TPR@5%FPR=0.040 | per-query AUC=0.500
  alpha=0.25  | windowed AUC=0.603 (mean_prob_kl) TPR@5%FPR=0.113 | per-query AUC=0.135
  alpha=0.5   | windowed AUC=0.994 (max_class_excess) TPR@5%FPR=0.980 | per-query AUC=0.118
  alpha=0.75  | windowed AUC=0.995 (max_class_excess) TPR@5%FPR=0.987 | per-query AUC=0.143
  alpha=1.0   | windowed AUC=0.994 (max_class_excess) TPR@5%FPR=0.980 | per-query AUC=0.995

Saved -> results/detector_eval_soft_pr0.1_w200.md (+ .json)

>>> [3/3] operational (pre-specified vs combined) rule...
/usr/local/lib/python3.12/dist-packages/timm/models/layers/__init__.py:49: FutureWarning: Importing from timm.models.layers is deprecated, please import via timm.layers
  warnings.warn(f"Importing from {__name__} is deprecated, please import via timm.layers", FutureWarning)
=== Operational detector (pre-specified rule) ===
  teacher=clean_teacher_resnet50.pth  rule=soft  window=200
  window-signal calibration (clean mean ± sd):
    hist_kl              +0.02307 ± 0.00975
    max_class_excess     +0.03572 ± 0.01150
    mean_entropy_drop    +0.00057 ± 0.01357
    mean_prob_kl         +0.02203 ± 0.00925
  alpha=0.0   | COMBINED AUC=0.499 TPR=0.050 | PRIMARY(max_class_excess) AUC=0.502 TPR=0.040 | oracle 0.502 (max_class_excess)
  alpha=0.25  | COMBINED AUC=0.518 TPR=0.080 | PRIMARY(max_class_excess) AUC=0.501 TPR=0.043 | oracle 0.603 (mean_prob_kl)
  alpha=0.5   | COMBINED AUC=0.989 TPR=0.957 | PRIMARY(max_class_excess) AUC=0.994 TPR=0.980 | oracle 0.994 (max_class_excess)
  alpha=0.75  | COMBINED AUC=0.987 TPR=0.930 | PRIMARY(max_class_excess) AUC=0.995 TPR=0.987 | oracle 0.995 (max_class_excess)
  alpha=1.0   | COMBINED AUC=0.988 TPR=0.957 | PRIMARY(max_class_excess) AUC=0.994 TPR=0.980 | oracle 0.994 (max_class_excess)

Saved -> results/detector_combined_resnet50_soft_pr0.1_w200.json (+ .md)

############ RESULTS ON THE RETRAINED TEACHER ############
--- clean teacher ACC ---
  clean teacher ACC = 0.8649
--- detector (per-alpha, best signal shown by the script) ---
  alpha=0.0   | windowed AUC=0.502 (max_class_excess) TPR@5%FPR=0.040 | per-query AUC=0.500
  alpha=0.25  | windowed AUC=0.603 (mean_prob_kl) TPR@5%FPR=0.113 | per-query AUC=0.135
  alpha=0.5   | windowed AUC=0.994 (max_class_excess) TPR@5%FPR=0.980 | per-query AUC=0.118
  alpha=0.75  | windowed AUC=0.995 (max_class_excess) TPR@5%FPR=0.987 | per-query AUC=0.143
  alpha=1.0   | windowed AUC=0.994 (max_class_excess) TPR@5%FPR=0.980 | per-query AUC=0.995
--- operational rule: PRIMARY (pre-specified) vs COMBINED vs oracle ---
  alpha=0.0   | COMBINED AUC=0.499 TPR=0.050 | PRIMARY(max_class_excess) AUC=0.502 TPR=0.040 | oracle 0.502 (max_class_excess)
  alpha=0.25  | COMBINED AUC=0.518 TPR=0.080 | PRIMARY(max_class_excess) AUC=0.501 TPR=0.043 | oracle 0.603 (mean_prob_kl)
  alpha=0.5   | COMBINED AUC=0.989 TPR=0.957 | PRIMARY(max_class_excess) AUC=0.994 TPR=0.980 | oracle 0.994 (max_class_excess)
  alpha=0.75  | COMBINED AUC=0.987 TPR=0.930 | PRIMARY(max_class_excess) AUC=0.995 TPR=0.987 | oracle 0.995 (max_class_excess)
  alpha=1.0   | COMBINED AUC=0.988 TPR=0.957 | PRIMARY(max_class_excess) AUC=0.994 TPR=0.980 | oracle 0.994 (max_class_excess)

checkpoint kept at: /workspace/msc/My_Work/05_Implementation/runtime_attack/checkpoints/clean_teacher_resnet50.pth
-rw-r--r-- 1 root root 94406041 Aug 31 12:38 checkpoints/clean_teacher_resnet50.pth
finished: Mon Aug 31 12:38:52 UTC 2026
#########################################################
>>> rsync BOTH the checkpoint and results/ back before terminating the pod. <<<
